--------------------------------------------------------------------------------
Release 14.7 Trace  (nt64)
Copyright (c) 1995-2013 Xilinx, Inc.  All rights reserved.

E:\Xilinx\14.7\ISE_DS\ISE\bin\nt64\unwrapped\trce.exe -intstyle ise -v 3 -s 3
-n 3 -fastpaths -xml ALU.twx ALU.ncd -o ALU.twr ALU.pcf

Design file:              ALU.ncd
Physical constraint file: ALU.pcf
Device,package,speed:     xc6slx16,csg324,C,-3 (PRODUCTION 1.23 2013-10-13)
Report level:             verbose report

Environment Variable      Effect 
--------------------      ------ 
NONE                      No environment variables were set
--------------------------------------------------------------------------------

INFO:Timing:2698 - No timing constraints found, doing default enumeration.
INFO:Timing:3412 - To improve timing, see the Timing Closure User Guide (UG612).
INFO:Timing:2752 - To get complete path coverage, use the unconstrained paths 
   option. All paths that are not constrained will be reported in the 
   unconstrained paths section(s) of the report.
INFO:Timing:3339 - The clock-to-out numbers in this timing report are based on 
   a 50 Ohm transmission line loading model.  For the details of this model, 
   and for more information on accounting for different loading conditions, 
   please see the device datasheet.



Data Sheet report:
-----------------
All values displayed in nanoseconds (ns)

Pad to Pad
---------------+---------------+---------+
Source Pad     |Destination Pad|  Delay  |
---------------+---------------+---------+
alu_a<0>       |alu_out<0>     |   12.513|
alu_a<0>       |alu_out<1>     |   12.737|
alu_a<0>       |alu_out<2>     |   12.741|
alu_a<0>       |alu_out<3>     |   12.557|
alu_a<0>       |alu_out<4>     |   13.024|
alu_a<0>       |alu_out<5>     |   13.694|
alu_a<0>       |alu_out<6>     |   13.020|
alu_a<0>       |alu_out<7>     |   12.411|
alu_a<0>       |alu_out<8>     |   12.330|
alu_a<0>       |alu_out<9>     |   12.697|
alu_a<0>       |alu_out<10>    |   12.819|
alu_a<0>       |alu_out<11>    |   12.386|
alu_a<0>       |alu_out<12>    |   12.190|
alu_a<0>       |alu_out<13>    |   12.741|
alu_a<0>       |alu_out<14>    |   12.396|
alu_a<0>       |alu_out<15>    |   12.403|
alu_a<0>       |alu_out<16>    |   12.810|
alu_a<0>       |alu_out<17>    |   12.270|
alu_a<0>       |alu_out<18>    |   12.785|
alu_a<0>       |alu_out<19>    |   12.241|
alu_a<0>       |alu_out<20>    |   12.639|
alu_a<0>       |alu_out<21>    |   12.699|
alu_a<0>       |alu_out<22>    |   13.102|
alu_a<0>       |alu_out<23>    |   12.844|
alu_a<0>       |alu_out<24>    |   12.591|
alu_a<0>       |alu_out<25>    |   12.897|
alu_a<0>       |alu_out<26>    |   13.403|
alu_a<0>       |alu_out<27>    |   12.767|
alu_a<0>       |alu_out<28>    |   12.926|
alu_a<0>       |alu_out<29>    |   13.873|
alu_a<0>       |alu_out<30>    |   13.110|
alu_a<0>       |alu_out<31>    |   13.127|
alu_a<1>       |alu_out<1>     |   12.110|
alu_a<1>       |alu_out<2>     |   12.169|
alu_a<1>       |alu_out<3>     |   12.001|
alu_a<1>       |alu_out<4>     |   12.457|
alu_a<1>       |alu_out<5>     |   13.127|
alu_a<1>       |alu_out<6>     |   12.453|
alu_a<1>       |alu_out<7>     |   11.844|
alu_a<1>       |alu_out<8>     |   11.763|
alu_a<1>       |alu_out<9>     |   12.130|
alu_a<1>       |alu_out<10>    |   12.252|
alu_a<1>       |alu_out<11>    |   11.819|
alu_a<1>       |alu_out<12>    |   11.623|
alu_a<1>       |alu_out<13>    |   12.174|
alu_a<1>       |alu_out<14>    |   11.829|
alu_a<1>       |alu_out<15>    |   11.836|
alu_a<1>       |alu_out<16>    |   12.243|
alu_a<1>       |alu_out<17>    |   11.703|
alu_a<1>       |alu_out<18>    |   12.218|
alu_a<1>       |alu_out<19>    |   11.674|
alu_a<1>       |alu_out<20>    |   12.072|
alu_a<1>       |alu_out<21>    |   12.132|
alu_a<1>       |alu_out<22>    |   12.535|
alu_a<1>       |alu_out<23>    |   12.277|
alu_a<1>       |alu_out<24>    |   12.024|
alu_a<1>       |alu_out<25>    |   12.330|
alu_a<1>       |alu_out<26>    |   12.836|
alu_a<1>       |alu_out<27>    |   12.200|
alu_a<1>       |alu_out<28>    |   12.359|
alu_a<1>       |alu_out<29>    |   13.306|
alu_a<1>       |alu_out<30>    |   12.543|
alu_a<1>       |alu_out<31>    |   12.560|
alu_a<2>       |alu_out<2>     |   12.071|
alu_a<2>       |alu_out<3>     |   11.920|
alu_a<2>       |alu_out<4>     |   12.372|
alu_a<2>       |alu_out<5>     |   13.042|
alu_a<2>       |alu_out<6>     |   12.368|
alu_a<2>       |alu_out<7>     |   11.759|
alu_a<2>       |alu_out<8>     |   11.678|
alu_a<2>       |alu_out<9>     |   12.045|
alu_a<2>       |alu_out<10>    |   12.167|
alu_a<2>       |alu_out<11>    |   11.734|
alu_a<2>       |alu_out<12>    |   11.538|
alu_a<2>       |alu_out<13>    |   12.089|
alu_a<2>       |alu_out<14>    |   11.744|
alu_a<2>       |alu_out<15>    |   11.751|
alu_a<2>       |alu_out<16>    |   12.158|
alu_a<2>       |alu_out<17>    |   11.618|
alu_a<2>       |alu_out<18>    |   12.133|
alu_a<2>       |alu_out<19>    |   11.589|
alu_a<2>       |alu_out<20>    |   11.987|
alu_a<2>       |alu_out<21>    |   12.047|
alu_a<2>       |alu_out<22>    |   12.450|
alu_a<2>       |alu_out<23>    |   12.192|
alu_a<2>       |alu_out<24>    |   11.939|
alu_a<2>       |alu_out<25>    |   12.245|
alu_a<2>       |alu_out<26>    |   12.751|
alu_a<2>       |alu_out<27>    |   12.115|
alu_a<2>       |alu_out<28>    |   12.274|
alu_a<2>       |alu_out<29>    |   13.221|
alu_a<2>       |alu_out<30>    |   12.458|
alu_a<2>       |alu_out<31>    |   12.475|
alu_a<3>       |alu_out<3>     |   11.919|
alu_a<3>       |alu_out<4>     |   12.447|
alu_a<3>       |alu_out<5>     |   13.117|
alu_a<3>       |alu_out<6>     |   12.443|
alu_a<3>       |alu_out<7>     |   11.834|
alu_a<3>       |alu_out<8>     |   11.753|
alu_a<3>       |alu_out<9>     |   12.120|
alu_a<3>       |alu_out<10>    |   12.242|
alu_a<3>       |alu_out<11>    |   11.809|
alu_a<3>       |alu_out<12>    |   11.613|
alu_a<3>       |alu_out<13>    |   12.164|
alu_a<3>       |alu_out<14>    |   11.819|
alu_a<3>       |alu_out<15>    |   11.826|
alu_a<3>       |alu_out<16>    |   12.233|
alu_a<3>       |alu_out<17>    |   11.693|
alu_a<3>       |alu_out<18>    |   12.208|
alu_a<3>       |alu_out<19>    |   11.664|
alu_a<3>       |alu_out<20>    |   12.062|
alu_a<3>       |alu_out<21>    |   12.122|
alu_a<3>       |alu_out<22>    |   12.525|
alu_a<3>       |alu_out<23>    |   12.267|
alu_a<3>       |alu_out<24>    |   12.014|
alu_a<3>       |alu_out<25>    |   12.320|
alu_a<3>       |alu_out<26>    |   12.826|
alu_a<3>       |alu_out<27>    |   12.190|
alu_a<3>       |alu_out<28>    |   12.349|
alu_a<3>       |alu_out<29>    |   13.296|
alu_a<3>       |alu_out<30>    |   12.533|
alu_a<3>       |alu_out<31>    |   12.550|
alu_a<4>       |alu_out<4>     |   12.781|
alu_a<4>       |alu_out<5>     |   13.433|
alu_a<4>       |alu_out<6>     |   12.885|
alu_a<4>       |alu_out<7>     |   12.264|
alu_a<4>       |alu_out<8>     |   12.229|
alu_a<4>       |alu_out<9>     |   12.596|
alu_a<4>       |alu_out<10>    |   12.718|
alu_a<4>       |alu_out<11>    |   12.285|
alu_a<4>       |alu_out<12>    |   12.089|
alu_a<4>       |alu_out<13>    |   12.640|
alu_a<4>       |alu_out<14>    |   12.295|
alu_a<4>       |alu_out<15>    |   12.302|
alu_a<4>       |alu_out<16>    |   12.709|
alu_a<4>       |alu_out<17>    |   12.169|
alu_a<4>       |alu_out<18>    |   12.684|
alu_a<4>       |alu_out<19>    |   12.140|
alu_a<4>       |alu_out<20>    |   12.538|
alu_a<4>       |alu_out<21>    |   12.598|
alu_a<4>       |alu_out<22>    |   13.001|
alu_a<4>       |alu_out<23>    |   12.743|
alu_a<4>       |alu_out<24>    |   12.490|
alu_a<4>       |alu_out<25>    |   12.796|
alu_a<4>       |alu_out<26>    |   13.302|
alu_a<4>       |alu_out<27>    |   12.666|
alu_a<4>       |alu_out<28>    |   12.825|
alu_a<4>       |alu_out<29>    |   13.772|
alu_a<4>       |alu_out<30>    |   13.009|
alu_a<4>       |alu_out<31>    |   13.026|
alu_a<5>       |alu_out<5>     |   12.907|
alu_a<5>       |alu_out<6>     |   12.414|
alu_a<5>       |alu_out<7>     |   11.809|
alu_a<5>       |alu_out<8>     |   11.763|
alu_a<5>       |alu_out<9>     |   12.130|
alu_a<5>       |alu_out<10>    |   12.252|
alu_a<5>       |alu_out<11>    |   11.819|
alu_a<5>       |alu_out<12>    |   11.623|
alu_a<5>       |alu_out<13>    |   12.174|
alu_a<5>       |alu_out<14>    |   11.829|
alu_a<5>       |alu_out<15>    |   11.836|
alu_a<5>       |alu_out<16>    |   12.243|
alu_a<5>       |alu_out<17>    |   11.703|
alu_a<5>       |alu_out<18>    |   12.218|
alu_a<5>       |alu_out<19>    |   11.674|
alu_a<5>       |alu_out<20>    |   12.072|
alu_a<5>       |alu_out<21>    |   12.132|
alu_a<5>       |alu_out<22>    |   12.535|
alu_a<5>       |alu_out<23>    |   12.277|
alu_a<5>       |alu_out<24>    |   12.024|
alu_a<5>       |alu_out<25>    |   12.330|
alu_a<5>       |alu_out<26>    |   12.836|
alu_a<5>       |alu_out<27>    |   12.200|
alu_a<5>       |alu_out<28>    |   12.359|
alu_a<5>       |alu_out<29>    |   13.306|
alu_a<5>       |alu_out<30>    |   12.543|
alu_a<5>       |alu_out<31>    |   12.560|
alu_a<6>       |alu_out<6>     |   11.890|
alu_a<6>       |alu_out<7>     |   11.302|
alu_a<6>       |alu_out<8>     |   11.252|
alu_a<6>       |alu_out<9>     |   11.619|
alu_a<6>       |alu_out<10>    |   11.741|
alu_a<6>       |alu_out<11>    |   11.308|
alu_a<6>       |alu_out<12>    |   11.112|
alu_a<6>       |alu_out<13>    |   11.663|
alu_a<6>       |alu_out<14>    |   11.318|
alu_a<6>       |alu_out<15>    |   11.325|
alu_a<6>       |alu_out<16>    |   11.732|
alu_a<6>       |alu_out<17>    |   11.192|
alu_a<6>       |alu_out<18>    |   11.707|
alu_a<6>       |alu_out<19>    |   11.163|
alu_a<6>       |alu_out<20>    |   11.561|
alu_a<6>       |alu_out<21>    |   11.621|
alu_a<6>       |alu_out<22>    |   12.024|
alu_a<6>       |alu_out<23>    |   11.766|
alu_a<6>       |alu_out<24>    |   11.513|
alu_a<6>       |alu_out<25>    |   11.819|
alu_a<6>       |alu_out<26>    |   12.325|
alu_a<6>       |alu_out<27>    |   11.689|
alu_a<6>       |alu_out<28>    |   11.848|
alu_a<6>       |alu_out<29>    |   12.795|
alu_a<6>       |alu_out<30>    |   12.032|
alu_a<6>       |alu_out<31>    |   12.049|
alu_a<7>       |alu_out<7>     |   11.477|
alu_a<7>       |alu_out<8>     |   11.500|
alu_a<7>       |alu_out<9>     |   11.867|
alu_a<7>       |alu_out<10>    |   11.989|
alu_a<7>       |alu_out<11>    |   11.556|
alu_a<7>       |alu_out<12>    |   11.360|
alu_a<7>       |alu_out<13>    |   11.911|
alu_a<7>       |alu_out<14>    |   11.566|
alu_a<7>       |alu_out<15>    |   11.573|
alu_a<7>       |alu_out<16>    |   11.980|
alu_a<7>       |alu_out<17>    |   11.440|
alu_a<7>       |alu_out<18>    |   11.955|
alu_a<7>       |alu_out<19>    |   11.411|
alu_a<7>       |alu_out<20>    |   11.809|
alu_a<7>       |alu_out<21>    |   11.869|
alu_a<7>       |alu_out<22>    |   12.272|
alu_a<7>       |alu_out<23>    |   12.014|
alu_a<7>       |alu_out<24>    |   11.761|
alu_a<7>       |alu_out<25>    |   12.067|
alu_a<7>       |alu_out<26>    |   12.573|
alu_a<7>       |alu_out<27>    |   11.937|
alu_a<7>       |alu_out<28>    |   12.096|
alu_a<7>       |alu_out<29>    |   13.043|
alu_a<7>       |alu_out<30>    |   12.280|
alu_a<7>       |alu_out<31>    |   12.297|
alu_a<8>       |alu_out<8>     |   11.465|
alu_a<8>       |alu_out<9>     |   11.814|
alu_a<8>       |alu_out<10>    |   12.062|
alu_a<8>       |alu_out<11>    |   11.617|
alu_a<8>       |alu_out<12>    |   11.467|
alu_a<8>       |alu_out<13>    |   12.018|
alu_a<8>       |alu_out<14>    |   11.673|
alu_a<8>       |alu_out<15>    |   11.680|
alu_a<8>       |alu_out<16>    |   12.087|
alu_a<8>       |alu_out<17>    |   11.547|
alu_a<8>       |alu_out<18>    |   12.062|
alu_a<8>       |alu_out<19>    |   11.518|
alu_a<8>       |alu_out<20>    |   11.916|
alu_a<8>       |alu_out<21>    |   11.976|
alu_a<8>       |alu_out<22>    |   12.379|
alu_a<8>       |alu_out<23>    |   12.121|
alu_a<8>       |alu_out<24>    |   11.868|
alu_a<8>       |alu_out<25>    |   12.174|
alu_a<8>       |alu_out<26>    |   12.680|
alu_a<8>       |alu_out<27>    |   12.044|
alu_a<8>       |alu_out<28>    |   12.203|
alu_a<8>       |alu_out<29>    |   13.150|
alu_a<8>       |alu_out<30>    |   12.387|
alu_a<8>       |alu_out<31>    |   12.404|
alu_a<9>       |alu_out<9>     |   11.806|
alu_a<9>       |alu_out<10>    |   12.109|
alu_a<9>       |alu_out<11>    |   11.680|
alu_a<9>       |alu_out<12>    |   11.519|
alu_a<9>       |alu_out<13>    |   12.070|
alu_a<9>       |alu_out<14>    |   11.725|
alu_a<9>       |alu_out<15>    |   11.732|
alu_a<9>       |alu_out<16>    |   12.139|
alu_a<9>       |alu_out<17>    |   11.599|
alu_a<9>       |alu_out<18>    |   12.114|
alu_a<9>       |alu_out<19>    |   11.570|
alu_a<9>       |alu_out<20>    |   11.968|
alu_a<9>       |alu_out<21>    |   12.028|
alu_a<9>       |alu_out<22>    |   12.431|
alu_a<9>       |alu_out<23>    |   12.173|
alu_a<9>       |alu_out<24>    |   11.920|
alu_a<9>       |alu_out<25>    |   12.226|
alu_a<9>       |alu_out<26>    |   12.732|
alu_a<9>       |alu_out<27>    |   12.096|
alu_a<9>       |alu_out<28>    |   12.255|
alu_a<9>       |alu_out<29>    |   13.202|
alu_a<9>       |alu_out<30>    |   12.439|
alu_a<9>       |alu_out<31>    |   12.456|
alu_a<10>      |alu_out<10>    |   12.095|
alu_a<10>      |alu_out<11>    |   11.683|
alu_a<10>      |alu_out<12>    |   11.518|
alu_a<10>      |alu_out<13>    |   12.069|
alu_a<10>      |alu_out<14>    |   11.724|
alu_a<10>      |alu_out<15>    |   11.731|
alu_a<10>      |alu_out<16>    |   12.138|
alu_a<10>      |alu_out<17>    |   11.598|
alu_a<10>      |alu_out<18>    |   12.113|
alu_a<10>      |alu_out<19>    |   11.569|
alu_a<10>      |alu_out<20>    |   11.967|
alu_a<10>      |alu_out<21>    |   12.027|
alu_a<10>      |alu_out<22>    |   12.430|
alu_a<10>      |alu_out<23>    |   12.172|
alu_a<10>      |alu_out<24>    |   11.919|
alu_a<10>      |alu_out<25>    |   12.225|
alu_a<10>      |alu_out<26>    |   12.731|
alu_a<10>      |alu_out<27>    |   12.095|
alu_a<10>      |alu_out<28>    |   12.254|
alu_a<10>      |alu_out<29>    |   13.201|
alu_a<10>      |alu_out<30>    |   12.438|
alu_a<10>      |alu_out<31>    |   12.455|
alu_a<11>      |alu_out<11>    |   11.105|
alu_a<11>      |alu_out<12>    |   11.016|
alu_a<11>      |alu_out<13>    |   11.567|
alu_a<11>      |alu_out<14>    |   11.222|
alu_a<11>      |alu_out<15>    |   11.229|
alu_a<11>      |alu_out<16>    |   11.636|
alu_a<11>      |alu_out<17>    |   11.096|
alu_a<11>      |alu_out<18>    |   11.611|
alu_a<11>      |alu_out<19>    |   11.067|
alu_a<11>      |alu_out<20>    |   11.465|
alu_a<11>      |alu_out<21>    |   11.525|
alu_a<11>      |alu_out<22>    |   11.928|
alu_a<11>      |alu_out<23>    |   11.670|
alu_a<11>      |alu_out<24>    |   11.417|
alu_a<11>      |alu_out<25>    |   11.723|
alu_a<11>      |alu_out<26>    |   12.229|
alu_a<11>      |alu_out<27>    |   11.593|
alu_a<11>      |alu_out<28>    |   11.752|
alu_a<11>      |alu_out<29>    |   12.699|
alu_a<11>      |alu_out<30>    |   11.936|
alu_a<11>      |alu_out<31>    |   11.953|
alu_a<12>      |alu_out<12>    |   11.280|
alu_a<12>      |alu_out<13>    |   11.813|
alu_a<12>      |alu_out<14>    |   11.594|
alu_a<12>      |alu_out<15>    |   11.589|
alu_a<12>      |alu_out<16>    |   12.042|
alu_a<12>      |alu_out<17>    |   11.502|
alu_a<12>      |alu_out<18>    |   12.017|
alu_a<12>      |alu_out<19>    |   11.473|
alu_a<12>      |alu_out<20>    |   11.871|
alu_a<12>      |alu_out<21>    |   11.931|
alu_a<12>      |alu_out<22>    |   12.334|
alu_a<12>      |alu_out<23>    |   12.076|
alu_a<12>      |alu_out<24>    |   11.823|
alu_a<12>      |alu_out<25>    |   12.129|
alu_a<12>      |alu_out<26>    |   12.635|
alu_a<12>      |alu_out<27>    |   11.999|
alu_a<12>      |alu_out<28>    |   12.158|
alu_a<12>      |alu_out<29>    |   13.105|
alu_a<12>      |alu_out<30>    |   12.342|
alu_a<12>      |alu_out<31>    |   12.359|
alu_a<13>      |alu_out<13>    |   12.111|
alu_a<13>      |alu_out<14>    |   11.947|
alu_a<13>      |alu_out<15>    |   11.958|
alu_a<13>      |alu_out<16>    |   12.400|
alu_a<13>      |alu_out<17>    |   11.860|
alu_a<13>      |alu_out<18>    |   12.375|
alu_a<13>      |alu_out<19>    |   11.831|
alu_a<13>      |alu_out<20>    |   12.229|
alu_a<13>      |alu_out<21>    |   12.289|
alu_a<13>      |alu_out<22>    |   12.692|
alu_a<13>      |alu_out<23>    |   12.434|
alu_a<13>      |alu_out<24>    |   12.181|
alu_a<13>      |alu_out<25>    |   12.487|
alu_a<13>      |alu_out<26>    |   12.993|
alu_a<13>      |alu_out<27>    |   12.357|
alu_a<13>      |alu_out<28>    |   12.516|
alu_a<13>      |alu_out<29>    |   13.463|
alu_a<13>      |alu_out<30>    |   12.700|
alu_a<13>      |alu_out<31>    |   12.717|
alu_a<14>      |alu_out<14>    |   11.093|
alu_a<14>      |alu_out<15>    |   11.121|
alu_a<14>      |alu_out<16>    |   11.559|
alu_a<14>      |alu_out<17>    |   11.019|
alu_a<14>      |alu_out<18>    |   11.534|
alu_a<14>      |alu_out<19>    |   10.990|
alu_a<14>      |alu_out<20>    |   11.388|
alu_a<14>      |alu_out<21>    |   11.448|
alu_a<14>      |alu_out<22>    |   11.851|
alu_a<14>      |alu_out<23>    |   11.593|
alu_a<14>      |alu_out<24>    |   11.340|
alu_a<14>      |alu_out<25>    |   11.646|
alu_a<14>      |alu_out<26>    |   12.152|
alu_a<14>      |alu_out<27>    |   11.516|
alu_a<14>      |alu_out<28>    |   11.675|
alu_a<14>      |alu_out<29>    |   12.622|
alu_a<14>      |alu_out<30>    |   11.859|
alu_a<14>      |alu_out<31>    |   11.876|
alu_a<15>      |alu_out<15>    |   10.732|
alu_a<15>      |alu_out<16>    |   11.246|
alu_a<15>      |alu_out<17>    |   10.706|
alu_a<15>      |alu_out<18>    |   11.221|
alu_a<15>      |alu_out<19>    |   10.677|
alu_a<15>      |alu_out<20>    |   11.075|
alu_a<15>      |alu_out<21>    |   11.135|
alu_a<15>      |alu_out<22>    |   11.538|
alu_a<15>      |alu_out<23>    |   11.280|
alu_a<15>      |alu_out<24>    |   11.027|
alu_a<15>      |alu_out<25>    |   11.333|
alu_a<15>      |alu_out<26>    |   11.839|
alu_a<15>      |alu_out<27>    |   11.203|
alu_a<15>      |alu_out<28>    |   11.362|
alu_a<15>      |alu_out<29>    |   12.309|
alu_a<15>      |alu_out<30>    |   11.546|
alu_a<15>      |alu_out<31>    |   11.563|
alu_a<16>      |alu_out<16>    |   11.272|
alu_a<16>      |alu_out<17>    |   10.657|
alu_a<16>      |alu_out<18>    |   11.298|
alu_a<16>      |alu_out<19>    |   10.742|
alu_a<16>      |alu_out<20>    |   11.186|
alu_a<16>      |alu_out<21>    |   11.246|
alu_a<16>      |alu_out<22>    |   11.649|
alu_a<16>      |alu_out<23>    |   11.391|
alu_a<16>      |alu_out<24>    |   11.138|
alu_a<16>      |alu_out<25>    |   11.444|
alu_a<16>      |alu_out<26>    |   11.950|
alu_a<16>      |alu_out<27>    |   11.314|
alu_a<16>      |alu_out<28>    |   11.473|
alu_a<16>      |alu_out<29>    |   12.420|
alu_a<16>      |alu_out<30>    |   11.657|
alu_a<16>      |alu_out<31>    |   11.674|
alu_a<17>      |alu_out<17>    |   10.830|
alu_a<17>      |alu_out<18>    |   11.526|
alu_a<17>      |alu_out<19>    |   10.986|
alu_a<17>      |alu_out<20>    |   11.419|
alu_a<17>      |alu_out<21>    |   11.479|
alu_a<17>      |alu_out<22>    |   11.882|
alu_a<17>      |alu_out<23>    |   11.624|
alu_a<17>      |alu_out<24>    |   11.371|
alu_a<17>      |alu_out<25>    |   11.677|
alu_a<17>      |alu_out<26>    |   12.183|
alu_a<17>      |alu_out<27>    |   11.547|
alu_a<17>      |alu_out<28>    |   11.706|
alu_a<17>      |alu_out<29>    |   12.653|
alu_a<17>      |alu_out<30>    |   11.890|
alu_a<17>      |alu_out<31>    |   11.907|
alu_a<18>      |alu_out<18>    |   11.675|
alu_a<18>      |alu_out<19>    |   11.152|
alu_a<18>      |alu_out<20>    |   11.581|
alu_a<18>      |alu_out<21>    |   11.641|
alu_a<18>      |alu_out<22>    |   12.044|
alu_a<18>      |alu_out<23>    |   11.786|
alu_a<18>      |alu_out<24>    |   11.533|
alu_a<18>      |alu_out<25>    |   11.839|
alu_a<18>      |alu_out<26>    |   12.345|
alu_a<18>      |alu_out<27>    |   11.709|
alu_a<18>      |alu_out<28>    |   11.868|
alu_a<18>      |alu_out<29>    |   12.815|
alu_a<18>      |alu_out<30>    |   12.052|
alu_a<18>      |alu_out<31>    |   12.069|
alu_a<19>      |alu_out<19>    |   10.702|
alu_a<19>      |alu_out<20>    |   11.207|
alu_a<19>      |alu_out<21>    |   11.267|
alu_a<19>      |alu_out<22>    |   11.670|
alu_a<19>      |alu_out<23>    |   11.412|
alu_a<19>      |alu_out<24>    |   11.159|
alu_a<19>      |alu_out<25>    |   11.465|
alu_a<19>      |alu_out<26>    |   11.971|
alu_a<19>      |alu_out<27>    |   11.335|
alu_a<19>      |alu_out<28>    |   11.494|
alu_a<19>      |alu_out<29>    |   12.441|
alu_a<19>      |alu_out<30>    |   11.678|
alu_a<19>      |alu_out<31>    |   11.695|
alu_a<20>      |alu_out<20>    |   10.908|
alu_a<20>      |alu_out<21>    |   10.950|
alu_a<20>      |alu_out<22>    |   11.479|
alu_a<20>      |alu_out<23>    |   11.209|
alu_a<20>      |alu_out<24>    |   11.002|
alu_a<20>      |alu_out<25>    |   11.308|
alu_a<20>      |alu_out<26>    |   11.814|
alu_a<20>      |alu_out<27>    |   11.178|
alu_a<20>      |alu_out<28>    |   11.337|
alu_a<20>      |alu_out<29>    |   12.284|
alu_a<20>      |alu_out<30>    |   11.521|
alu_a<20>      |alu_out<31>    |   11.538|
alu_a<21>      |alu_out<21>    |   10.502|
alu_a<21>      |alu_out<22>    |   11.086|
alu_a<21>      |alu_out<23>    |   10.832|
alu_a<21>      |alu_out<24>    |   10.614|
alu_a<21>      |alu_out<25>    |   10.920|
alu_a<21>      |alu_out<26>    |   11.426|
alu_a<21>      |alu_out<27>    |   10.790|
alu_a<21>      |alu_out<28>    |   10.949|
alu_a<21>      |alu_out<29>    |   11.896|
alu_a<21>      |alu_out<30>    |   11.133|
alu_a<21>      |alu_out<31>    |   11.150|
alu_a<22>      |alu_out<22>    |   11.417|
alu_a<22>      |alu_out<23>    |   11.180|
alu_a<22>      |alu_out<24>    |   10.958|
alu_a<22>      |alu_out<25>    |   11.264|
alu_a<22>      |alu_out<26>    |   11.770|
alu_a<22>      |alu_out<27>    |   11.134|
alu_a<22>      |alu_out<28>    |   11.293|
alu_a<22>      |alu_out<29>    |   12.240|
alu_a<22>      |alu_out<30>    |   11.477|
alu_a<22>      |alu_out<31>    |   11.494|
alu_a<23>      |alu_out<23>    |   10.653|
alu_a<23>      |alu_out<24>    |   10.507|
alu_a<23>      |alu_out<25>    |   10.813|
alu_a<23>      |alu_out<26>    |   11.319|
alu_a<23>      |alu_out<27>    |   10.683|
alu_a<23>      |alu_out<28>    |   10.842|
alu_a<23>      |alu_out<29>    |   11.789|
alu_a<23>      |alu_out<30>    |   11.026|
alu_a<23>      |alu_out<31>    |   11.043|
alu_a<24>      |alu_out<24>    |   10.742|
alu_a<24>      |alu_out<25>    |   11.030|
alu_a<24>      |alu_out<26>    |   11.662|
alu_a<24>      |alu_out<27>    |   11.014|
alu_a<24>      |alu_out<28>    |   11.219|
alu_a<24>      |alu_out<29>    |   12.166|
alu_a<24>      |alu_out<30>    |   11.403|
alu_a<24>      |alu_out<31>    |   11.420|
alu_a<25>      |alu_out<25>    |   10.392|
alu_a<25>      |alu_out<26>    |   11.079|
alu_a<25>      |alu_out<27>    |   10.447|
alu_a<25>      |alu_out<28>    |   10.641|
alu_a<25>      |alu_out<29>    |   11.588|
alu_a<25>      |alu_out<30>    |   10.825|
alu_a<25>      |alu_out<31>    |   10.842|
alu_a<26>      |alu_out<26>    |   11.329|
alu_a<26>      |alu_out<27>    |   10.714|
alu_a<26>      |alu_out<28>    |   10.904|
alu_a<26>      |alu_out<29>    |   11.851|
alu_a<26>      |alu_out<30>    |   11.088|
alu_a<26>      |alu_out<31>    |   11.105|
alu_a<27>      |alu_out<27>    |   10.256|
alu_a<27>      |alu_out<28>    |   10.522|
alu_a<27>      |alu_out<29>    |   11.469|
alu_a<27>      |alu_out<30>    |   10.706|
alu_a<27>      |alu_out<31>    |   10.723|
alu_a<28>      |alu_out<28>    |   10.414|
alu_a<28>      |alu_out<29>    |   11.343|
alu_a<28>      |alu_out<30>    |   10.706|
alu_a<28>      |alu_out<31>    |   10.711|
alu_a<29>      |alu_out<29>    |   11.150|
alu_a<29>      |alu_out<30>    |   10.568|
alu_a<29>      |alu_out<31>    |   10.589|
alu_a<30>      |alu_out<30>    |   11.753|
alu_a<30>      |alu_out<31>    |   11.791|
alu_a<31>      |alu_out<31>    |   10.634|
alu_b<0>       |alu_out<0>     |   11.887|
alu_b<0>       |alu_out<1>     |   12.111|
alu_b<0>       |alu_out<2>     |   12.115|
alu_b<0>       |alu_out<3>     |   11.931|
alu_b<0>       |alu_out<4>     |   12.398|
alu_b<0>       |alu_out<5>     |   13.068|
alu_b<0>       |alu_out<6>     |   12.394|
alu_b<0>       |alu_out<7>     |   11.785|
alu_b<0>       |alu_out<8>     |   11.704|
alu_b<0>       |alu_out<9>     |   12.071|
alu_b<0>       |alu_out<10>    |   12.193|
alu_b<0>       |alu_out<11>    |   11.760|
alu_b<0>       |alu_out<12>    |   11.564|
alu_b<0>       |alu_out<13>    |   12.115|
alu_b<0>       |alu_out<14>    |   11.770|
alu_b<0>       |alu_out<15>    |   11.777|
alu_b<0>       |alu_out<16>    |   12.184|
alu_b<0>       |alu_out<17>    |   11.644|
alu_b<0>       |alu_out<18>    |   12.159|
alu_b<0>       |alu_out<19>    |   11.615|
alu_b<0>       |alu_out<20>    |   12.013|
alu_b<0>       |alu_out<21>    |   12.073|
alu_b<0>       |alu_out<22>    |   12.476|
alu_b<0>       |alu_out<23>    |   12.218|
alu_b<0>       |alu_out<24>    |   11.965|
alu_b<0>       |alu_out<25>    |   12.271|
alu_b<0>       |alu_out<26>    |   12.777|
alu_b<0>       |alu_out<27>    |   12.141|
alu_b<0>       |alu_out<28>    |   12.300|
alu_b<0>       |alu_out<29>    |   13.247|
alu_b<0>       |alu_out<30>    |   12.484|
alu_b<0>       |alu_out<31>    |   12.501|
alu_b<1>       |alu_out<1>     |   11.831|
alu_b<1>       |alu_out<2>     |   11.890|
alu_b<1>       |alu_out<3>     |   11.722|
alu_b<1>       |alu_out<4>     |   12.178|
alu_b<1>       |alu_out<5>     |   12.848|
alu_b<1>       |alu_out<6>     |   12.174|
alu_b<1>       |alu_out<7>     |   11.565|
alu_b<1>       |alu_out<8>     |   11.484|
alu_b<1>       |alu_out<9>     |   11.851|
alu_b<1>       |alu_out<10>    |   11.973|
alu_b<1>       |alu_out<11>    |   11.540|
alu_b<1>       |alu_out<12>    |   11.344|
alu_b<1>       |alu_out<13>    |   11.895|
alu_b<1>       |alu_out<14>    |   11.550|
alu_b<1>       |alu_out<15>    |   11.557|
alu_b<1>       |alu_out<16>    |   11.964|
alu_b<1>       |alu_out<17>    |   11.424|
alu_b<1>       |alu_out<18>    |   11.939|
alu_b<1>       |alu_out<19>    |   11.395|
alu_b<1>       |alu_out<20>    |   11.793|
alu_b<1>       |alu_out<21>    |   11.853|
alu_b<1>       |alu_out<22>    |   12.256|
alu_b<1>       |alu_out<23>    |   11.998|
alu_b<1>       |alu_out<24>    |   11.745|
alu_b<1>       |alu_out<25>    |   12.051|
alu_b<1>       |alu_out<26>    |   12.557|
alu_b<1>       |alu_out<27>    |   11.921|
alu_b<1>       |alu_out<28>    |   12.080|
alu_b<1>       |alu_out<29>    |   13.027|
alu_b<1>       |alu_out<30>    |   12.264|
alu_b<1>       |alu_out<31>    |   12.281|
alu_b<2>       |alu_out<2>     |   11.971|
alu_b<2>       |alu_out<3>     |   11.820|
alu_b<2>       |alu_out<4>     |   12.272|
alu_b<2>       |alu_out<5>     |   12.942|
alu_b<2>       |alu_out<6>     |   12.268|
alu_b<2>       |alu_out<7>     |   11.659|
alu_b<2>       |alu_out<8>     |   11.578|
alu_b<2>       |alu_out<9>     |   11.945|
alu_b<2>       |alu_out<10>    |   12.067|
alu_b<2>       |alu_out<11>    |   11.634|
alu_b<2>       |alu_out<12>    |   11.438|
alu_b<2>       |alu_out<13>    |   11.989|
alu_b<2>       |alu_out<14>    |   11.644|
alu_b<2>       |alu_out<15>    |   11.651|
alu_b<2>       |alu_out<16>    |   12.058|
alu_b<2>       |alu_out<17>    |   11.518|
alu_b<2>       |alu_out<18>    |   12.033|
alu_b<2>       |alu_out<19>    |   11.489|
alu_b<2>       |alu_out<20>    |   11.887|
alu_b<2>       |alu_out<21>    |   11.947|
alu_b<2>       |alu_out<22>    |   12.350|
alu_b<2>       |alu_out<23>    |   12.092|
alu_b<2>       |alu_out<24>    |   11.839|
alu_b<2>       |alu_out<25>    |   12.145|
alu_b<2>       |alu_out<26>    |   12.651|
alu_b<2>       |alu_out<27>    |   12.015|
alu_b<2>       |alu_out<28>    |   12.174|
alu_b<2>       |alu_out<29>    |   13.121|
alu_b<2>       |alu_out<30>    |   12.358|
alu_b<2>       |alu_out<31>    |   12.375|
alu_b<3>       |alu_out<3>     |   11.716|
alu_b<3>       |alu_out<4>     |   12.244|
alu_b<3>       |alu_out<5>     |   12.914|
alu_b<3>       |alu_out<6>     |   12.240|
alu_b<3>       |alu_out<7>     |   11.631|
alu_b<3>       |alu_out<8>     |   11.550|
alu_b<3>       |alu_out<9>     |   11.917|
alu_b<3>       |alu_out<10>    |   12.039|
alu_b<3>       |alu_out<11>    |   11.606|
alu_b<3>       |alu_out<12>    |   11.410|
alu_b<3>       |alu_out<13>    |   11.961|
alu_b<3>       |alu_out<14>    |   11.616|
alu_b<3>       |alu_out<15>    |   11.623|
alu_b<3>       |alu_out<16>    |   12.030|
alu_b<3>       |alu_out<17>    |   11.490|
alu_b<3>       |alu_out<18>    |   12.005|
alu_b<3>       |alu_out<19>    |   11.461|
alu_b<3>       |alu_out<20>    |   11.859|
alu_b<3>       |alu_out<21>    |   11.919|
alu_b<3>       |alu_out<22>    |   12.322|
alu_b<3>       |alu_out<23>    |   12.064|
alu_b<3>       |alu_out<24>    |   11.811|
alu_b<3>       |alu_out<25>    |   12.117|
alu_b<3>       |alu_out<26>    |   12.623|
alu_b<3>       |alu_out<27>    |   11.987|
alu_b<3>       |alu_out<28>    |   12.146|
alu_b<3>       |alu_out<29>    |   13.093|
alu_b<3>       |alu_out<30>    |   12.330|
alu_b<3>       |alu_out<31>    |   12.347|
alu_b<4>       |alu_out<4>     |   11.851|
alu_b<4>       |alu_out<5>     |   12.487|
alu_b<4>       |alu_out<6>     |   11.939|
alu_b<4>       |alu_out<7>     |   11.318|
alu_b<4>       |alu_out<8>     |   11.283|
alu_b<4>       |alu_out<9>     |   11.650|
alu_b<4>       |alu_out<10>    |   11.772|
alu_b<4>       |alu_out<11>    |   11.339|
alu_b<4>       |alu_out<12>    |   11.143|
alu_b<4>       |alu_out<13>    |   11.694|
alu_b<4>       |alu_out<14>    |   11.349|
alu_b<4>       |alu_out<15>    |   11.356|
alu_b<4>       |alu_out<16>    |   11.763|
alu_b<4>       |alu_out<17>    |   11.223|
alu_b<4>       |alu_out<18>    |   11.738|
alu_b<4>       |alu_out<19>    |   11.194|
alu_b<4>       |alu_out<20>    |   11.592|
alu_b<4>       |alu_out<21>    |   11.652|
alu_b<4>       |alu_out<22>    |   12.055|
alu_b<4>       |alu_out<23>    |   11.797|
alu_b<4>       |alu_out<24>    |   11.544|
alu_b<4>       |alu_out<25>    |   11.850|
alu_b<4>       |alu_out<26>    |   12.356|
alu_b<4>       |alu_out<27>    |   11.720|
alu_b<4>       |alu_out<28>    |   11.879|
alu_b<4>       |alu_out<29>    |   12.826|
alu_b<4>       |alu_out<30>    |   12.063|
alu_b<4>       |alu_out<31>    |   12.080|
alu_b<5>       |alu_out<5>     |   12.579|
alu_b<5>       |alu_out<6>     |   12.086|
alu_b<5>       |alu_out<7>     |   11.481|
alu_b<5>       |alu_out<8>     |   11.435|
alu_b<5>       |alu_out<9>     |   11.802|
alu_b<5>       |alu_out<10>    |   11.924|
alu_b<5>       |alu_out<11>    |   11.491|
alu_b<5>       |alu_out<12>    |   11.295|
alu_b<5>       |alu_out<13>    |   11.846|
alu_b<5>       |alu_out<14>    |   11.501|
alu_b<5>       |alu_out<15>    |   11.508|
alu_b<5>       |alu_out<16>    |   11.915|
alu_b<5>       |alu_out<17>    |   11.375|
alu_b<5>       |alu_out<18>    |   11.890|
alu_b<5>       |alu_out<19>    |   11.346|
alu_b<5>       |alu_out<20>    |   11.744|
alu_b<5>       |alu_out<21>    |   11.804|
alu_b<5>       |alu_out<22>    |   12.207|
alu_b<5>       |alu_out<23>    |   11.949|
alu_b<5>       |alu_out<24>    |   11.696|
alu_b<5>       |alu_out<25>    |   12.002|
alu_b<5>       |alu_out<26>    |   12.508|
alu_b<5>       |alu_out<27>    |   11.872|
alu_b<5>       |alu_out<28>    |   12.031|
alu_b<5>       |alu_out<29>    |   12.978|
alu_b<5>       |alu_out<30>    |   12.215|
alu_b<5>       |alu_out<31>    |   12.232|
alu_b<6>       |alu_out<6>     |   12.031|
alu_b<6>       |alu_out<7>     |   11.443|
alu_b<6>       |alu_out<8>     |   11.393|
alu_b<6>       |alu_out<9>     |   11.760|
alu_b<6>       |alu_out<10>    |   11.882|
alu_b<6>       |alu_out<11>    |   11.449|
alu_b<6>       |alu_out<12>    |   11.253|
alu_b<6>       |alu_out<13>    |   11.804|
alu_b<6>       |alu_out<14>    |   11.459|
alu_b<6>       |alu_out<15>    |   11.466|
alu_b<6>       |alu_out<16>    |   11.873|
alu_b<6>       |alu_out<17>    |   11.333|
alu_b<6>       |alu_out<18>    |   11.848|
alu_b<6>       |alu_out<19>    |   11.304|
alu_b<6>       |alu_out<20>    |   11.702|
alu_b<6>       |alu_out<21>    |   11.762|
alu_b<6>       |alu_out<22>    |   12.165|
alu_b<6>       |alu_out<23>    |   11.907|
alu_b<6>       |alu_out<24>    |   11.654|
alu_b<6>       |alu_out<25>    |   11.960|
alu_b<6>       |alu_out<26>    |   12.466|
alu_b<6>       |alu_out<27>    |   11.830|
alu_b<6>       |alu_out<28>    |   11.989|
alu_b<6>       |alu_out<29>    |   12.936|
alu_b<6>       |alu_out<30>    |   12.173|
alu_b<6>       |alu_out<31>    |   12.190|
alu_b<7>       |alu_out<7>     |   11.218|
alu_b<7>       |alu_out<8>     |   11.244|
alu_b<7>       |alu_out<9>     |   11.611|
alu_b<7>       |alu_out<10>    |   11.733|
alu_b<7>       |alu_out<11>    |   11.300|
alu_b<7>       |alu_out<12>    |   11.104|
alu_b<7>       |alu_out<13>    |   11.655|
alu_b<7>       |alu_out<14>    |   11.310|
alu_b<7>       |alu_out<15>    |   11.317|
alu_b<7>       |alu_out<16>    |   11.724|
alu_b<7>       |alu_out<17>    |   11.184|
alu_b<7>       |alu_out<18>    |   11.699|
alu_b<7>       |alu_out<19>    |   11.155|
alu_b<7>       |alu_out<20>    |   11.553|
alu_b<7>       |alu_out<21>    |   11.613|
alu_b<7>       |alu_out<22>    |   12.016|
alu_b<7>       |alu_out<23>    |   11.758|
alu_b<7>       |alu_out<24>    |   11.505|
alu_b<7>       |alu_out<25>    |   11.811|
alu_b<7>       |alu_out<26>    |   12.317|
alu_b<7>       |alu_out<27>    |   11.681|
alu_b<7>       |alu_out<28>    |   11.840|
alu_b<7>       |alu_out<29>    |   12.787|
alu_b<7>       |alu_out<30>    |   12.024|
alu_b<7>       |alu_out<31>    |   12.041|
alu_b<8>       |alu_out<8>     |   11.606|
alu_b<8>       |alu_out<9>     |   11.955|
alu_b<8>       |alu_out<10>    |   12.203|
alu_b<8>       |alu_out<11>    |   11.758|
alu_b<8>       |alu_out<12>    |   11.608|
alu_b<8>       |alu_out<13>    |   12.159|
alu_b<8>       |alu_out<14>    |   11.814|
alu_b<8>       |alu_out<15>    |   11.821|
alu_b<8>       |alu_out<16>    |   12.228|
alu_b<8>       |alu_out<17>    |   11.688|
alu_b<8>       |alu_out<18>    |   12.203|
alu_b<8>       |alu_out<19>    |   11.659|
alu_b<8>       |alu_out<20>    |   12.057|
alu_b<8>       |alu_out<21>    |   12.117|
alu_b<8>       |alu_out<22>    |   12.520|
alu_b<8>       |alu_out<23>    |   12.262|
alu_b<8>       |alu_out<24>    |   12.009|
alu_b<8>       |alu_out<25>    |   12.315|
alu_b<8>       |alu_out<26>    |   12.821|
alu_b<8>       |alu_out<27>    |   12.185|
alu_b<8>       |alu_out<28>    |   12.344|
alu_b<8>       |alu_out<29>    |   13.291|
alu_b<8>       |alu_out<30>    |   12.528|
alu_b<8>       |alu_out<31>    |   12.545|
alu_b<9>       |alu_out<9>     |   11.743|
alu_b<9>       |alu_out<10>    |   12.046|
alu_b<9>       |alu_out<11>    |   11.617|
alu_b<9>       |alu_out<12>    |   11.456|
alu_b<9>       |alu_out<13>    |   12.007|
alu_b<9>       |alu_out<14>    |   11.662|
alu_b<9>       |alu_out<15>    |   11.669|
alu_b<9>       |alu_out<16>    |   12.076|
alu_b<9>       |alu_out<17>    |   11.536|
alu_b<9>       |alu_out<18>    |   12.051|
alu_b<9>       |alu_out<19>    |   11.507|
alu_b<9>       |alu_out<20>    |   11.905|
alu_b<9>       |alu_out<21>    |   11.965|
alu_b<9>       |alu_out<22>    |   12.368|
alu_b<9>       |alu_out<23>    |   12.110|
alu_b<9>       |alu_out<24>    |   11.857|
alu_b<9>       |alu_out<25>    |   12.163|
alu_b<9>       |alu_out<26>    |   12.669|
alu_b<9>       |alu_out<27>    |   12.033|
alu_b<9>       |alu_out<28>    |   12.192|
alu_b<9>       |alu_out<29>    |   13.139|
alu_b<9>       |alu_out<30>    |   12.376|
alu_b<9>       |alu_out<31>    |   12.393|
alu_b<10>      |alu_out<10>    |   12.034|
alu_b<10>      |alu_out<11>    |   11.622|
alu_b<10>      |alu_out<12>    |   11.457|
alu_b<10>      |alu_out<13>    |   12.008|
alu_b<10>      |alu_out<14>    |   11.663|
alu_b<10>      |alu_out<15>    |   11.670|
alu_b<10>      |alu_out<16>    |   12.077|
alu_b<10>      |alu_out<17>    |   11.537|
alu_b<10>      |alu_out<18>    |   12.052|
alu_b<10>      |alu_out<19>    |   11.508|
alu_b<10>      |alu_out<20>    |   11.906|
alu_b<10>      |alu_out<21>    |   11.966|
alu_b<10>      |alu_out<22>    |   12.369|
alu_b<10>      |alu_out<23>    |   12.111|
alu_b<10>      |alu_out<24>    |   11.858|
alu_b<10>      |alu_out<25>    |   12.164|
alu_b<10>      |alu_out<26>    |   12.670|
alu_b<10>      |alu_out<27>    |   12.034|
alu_b<10>      |alu_out<28>    |   12.193|
alu_b<10>      |alu_out<29>    |   13.140|
alu_b<10>      |alu_out<30>    |   12.377|
alu_b<10>      |alu_out<31>    |   12.394|
alu_b<11>      |alu_out<11>    |   11.506|
alu_b<11>      |alu_out<12>    |   11.417|
alu_b<11>      |alu_out<13>    |   11.968|
alu_b<11>      |alu_out<14>    |   11.623|
alu_b<11>      |alu_out<15>    |   11.630|
alu_b<11>      |alu_out<16>    |   12.037|
alu_b<11>      |alu_out<17>    |   11.497|
alu_b<11>      |alu_out<18>    |   12.012|
alu_b<11>      |alu_out<19>    |   11.468|
alu_b<11>      |alu_out<20>    |   11.866|
alu_b<11>      |alu_out<21>    |   11.926|
alu_b<11>      |alu_out<22>    |   12.329|
alu_b<11>      |alu_out<23>    |   12.071|
alu_b<11>      |alu_out<24>    |   11.818|
alu_b<11>      |alu_out<25>    |   12.124|
alu_b<11>      |alu_out<26>    |   12.630|
alu_b<11>      |alu_out<27>    |   11.994|
alu_b<11>      |alu_out<28>    |   12.153|
alu_b<11>      |alu_out<29>    |   13.100|
alu_b<11>      |alu_out<30>    |   12.337|
alu_b<11>      |alu_out<31>    |   12.354|
alu_b<12>      |alu_out<12>    |   11.019|
alu_b<12>      |alu_out<13>    |   11.552|
alu_b<12>      |alu_out<14>    |   11.333|
alu_b<12>      |alu_out<15>    |   11.328|
alu_b<12>      |alu_out<16>    |   11.781|
alu_b<12>      |alu_out<17>    |   11.241|
alu_b<12>      |alu_out<18>    |   11.756|
alu_b<12>      |alu_out<19>    |   11.212|
alu_b<12>      |alu_out<20>    |   11.610|
alu_b<12>      |alu_out<21>    |   11.670|
alu_b<12>      |alu_out<22>    |   12.073|
alu_b<12>      |alu_out<23>    |   11.815|
alu_b<12>      |alu_out<24>    |   11.562|
alu_b<12>      |alu_out<25>    |   11.868|
alu_b<12>      |alu_out<26>    |   12.374|
alu_b<12>      |alu_out<27>    |   11.738|
alu_b<12>      |alu_out<28>    |   11.897|
alu_b<12>      |alu_out<29>    |   12.844|
alu_b<12>      |alu_out<30>    |   12.081|
alu_b<12>      |alu_out<31>    |   12.098|
alu_b<13>      |alu_out<13>    |   11.200|
alu_b<13>      |alu_out<14>    |   11.036|
alu_b<13>      |alu_out<15>    |   11.047|
alu_b<13>      |alu_out<16>    |   11.489|
alu_b<13>      |alu_out<17>    |   10.949|
alu_b<13>      |alu_out<18>    |   11.464|
alu_b<13>      |alu_out<19>    |   10.920|
alu_b<13>      |alu_out<20>    |   11.318|
alu_b<13>      |alu_out<21>    |   11.378|
alu_b<13>      |alu_out<22>    |   11.781|
alu_b<13>      |alu_out<23>    |   11.523|
alu_b<13>      |alu_out<24>    |   11.270|
alu_b<13>      |alu_out<25>    |   11.576|
alu_b<13>      |alu_out<26>    |   12.082|
alu_b<13>      |alu_out<27>    |   11.446|
alu_b<13>      |alu_out<28>    |   11.605|
alu_b<13>      |alu_out<29>    |   12.552|
alu_b<13>      |alu_out<30>    |   11.789|
alu_b<13>      |alu_out<31>    |   11.806|
alu_b<14>      |alu_out<14>    |   11.409|
alu_b<14>      |alu_out<15>    |   11.437|
alu_b<14>      |alu_out<16>    |   11.875|
alu_b<14>      |alu_out<17>    |   11.335|
alu_b<14>      |alu_out<18>    |   11.850|
alu_b<14>      |alu_out<19>    |   11.306|
alu_b<14>      |alu_out<20>    |   11.704|
alu_b<14>      |alu_out<21>    |   11.764|
alu_b<14>      |alu_out<22>    |   12.167|
alu_b<14>      |alu_out<23>    |   11.909|
alu_b<14>      |alu_out<24>    |   11.656|
alu_b<14>      |alu_out<25>    |   11.962|
alu_b<14>      |alu_out<26>    |   12.468|
alu_b<14>      |alu_out<27>    |   11.832|
alu_b<14>      |alu_out<28>    |   11.991|
alu_b<14>      |alu_out<29>    |   12.938|
alu_b<14>      |alu_out<30>    |   12.175|
alu_b<14>      |alu_out<31>    |   12.192|
alu_b<15>      |alu_out<15>    |   11.156|
alu_b<15>      |alu_out<16>    |   11.670|
alu_b<15>      |alu_out<17>    |   11.130|
alu_b<15>      |alu_out<18>    |   11.645|
alu_b<15>      |alu_out<19>    |   11.101|
alu_b<15>      |alu_out<20>    |   11.499|
alu_b<15>      |alu_out<21>    |   11.559|
alu_b<15>      |alu_out<22>    |   11.962|
alu_b<15>      |alu_out<23>    |   11.704|
alu_b<15>      |alu_out<24>    |   11.451|
alu_b<15>      |alu_out<25>    |   11.757|
alu_b<15>      |alu_out<26>    |   12.263|
alu_b<15>      |alu_out<27>    |   11.627|
alu_b<15>      |alu_out<28>    |   11.786|
alu_b<15>      |alu_out<29>    |   12.733|
alu_b<15>      |alu_out<30>    |   11.970|
alu_b<15>      |alu_out<31>    |   11.987|
alu_b<16>      |alu_out<16>    |   12.052|
alu_b<16>      |alu_out<17>    |   11.494|
alu_b<16>      |alu_out<18>    |   12.135|
alu_b<16>      |alu_out<19>    |   11.579|
alu_b<16>      |alu_out<20>    |   12.023|
alu_b<16>      |alu_out<21>    |   12.083|
alu_b<16>      |alu_out<22>    |   12.486|
alu_b<16>      |alu_out<23>    |   12.228|
alu_b<16>      |alu_out<24>    |   11.975|
alu_b<16>      |alu_out<25>    |   12.281|
alu_b<16>      |alu_out<26>    |   12.787|
alu_b<16>      |alu_out<27>    |   12.151|
alu_b<16>      |alu_out<28>    |   12.310|
alu_b<16>      |alu_out<29>    |   13.257|
alu_b<16>      |alu_out<30>    |   12.494|
alu_b<16>      |alu_out<31>    |   12.511|
alu_b<17>      |alu_out<17>    |   10.720|
alu_b<17>      |alu_out<18>    |   11.416|
alu_b<17>      |alu_out<19>    |   10.876|
alu_b<17>      |alu_out<20>    |   11.309|
alu_b<17>      |alu_out<21>    |   11.369|
alu_b<17>      |alu_out<22>    |   11.772|
alu_b<17>      |alu_out<23>    |   11.514|
alu_b<17>      |alu_out<24>    |   11.261|
alu_b<17>      |alu_out<25>    |   11.567|
alu_b<17>      |alu_out<26>    |   12.073|
alu_b<17>      |alu_out<27>    |   11.437|
alu_b<17>      |alu_out<28>    |   11.596|
alu_b<17>      |alu_out<29>    |   12.543|
alu_b<17>      |alu_out<30>    |   11.780|
alu_b<17>      |alu_out<31>    |   11.797|
alu_b<18>      |alu_out<18>    |   11.922|
alu_b<18>      |alu_out<19>    |   11.399|
alu_b<18>      |alu_out<20>    |   11.828|
alu_b<18>      |alu_out<21>    |   11.888|
alu_b<18>      |alu_out<22>    |   12.291|
alu_b<18>      |alu_out<23>    |   12.033|
alu_b<18>      |alu_out<24>    |   11.780|
alu_b<18>      |alu_out<25>    |   12.086|
alu_b<18>      |alu_out<26>    |   12.592|
alu_b<18>      |alu_out<27>    |   11.956|
alu_b<18>      |alu_out<28>    |   12.115|
alu_b<18>      |alu_out<29>    |   13.062|
alu_b<18>      |alu_out<30>    |   12.299|
alu_b<18>      |alu_out<31>    |   12.316|
alu_b<19>      |alu_out<19>    |   10.883|
alu_b<19>      |alu_out<20>    |   11.388|
alu_b<19>      |alu_out<21>    |   11.448|
alu_b<19>      |alu_out<22>    |   11.851|
alu_b<19>      |alu_out<23>    |   11.593|
alu_b<19>      |alu_out<24>    |   11.340|
alu_b<19>      |alu_out<25>    |   11.646|
alu_b<19>      |alu_out<26>    |   12.152|
alu_b<19>      |alu_out<27>    |   11.516|
alu_b<19>      |alu_out<28>    |   11.675|
alu_b<19>      |alu_out<29>    |   12.622|
alu_b<19>      |alu_out<30>    |   11.859|
alu_b<19>      |alu_out<31>    |   11.876|
alu_b<20>      |alu_out<20>    |   11.939|
alu_b<20>      |alu_out<21>    |   11.981|
alu_b<20>      |alu_out<22>    |   12.510|
alu_b<20>      |alu_out<23>    |   12.240|
alu_b<20>      |alu_out<24>    |   12.033|
alu_b<20>      |alu_out<25>    |   12.339|
alu_b<20>      |alu_out<26>    |   12.845|
alu_b<20>      |alu_out<27>    |   12.209|
alu_b<20>      |alu_out<28>    |   12.368|
alu_b<20>      |alu_out<29>    |   13.315|
alu_b<20>      |alu_out<30>    |   12.552|
alu_b<20>      |alu_out<31>    |   12.569|
alu_b<21>      |alu_out<21>    |   11.141|
alu_b<21>      |alu_out<22>    |   11.725|
alu_b<21>      |alu_out<23>    |   11.471|
alu_b<21>      |alu_out<24>    |   11.253|
alu_b<21>      |alu_out<25>    |   11.559|
alu_b<21>      |alu_out<26>    |   12.065|
alu_b<21>      |alu_out<27>    |   11.429|
alu_b<21>      |alu_out<28>    |   11.588|
alu_b<21>      |alu_out<29>    |   12.535|
alu_b<21>      |alu_out<30>    |   11.772|
alu_b<21>      |alu_out<31>    |   11.789|
alu_b<22>      |alu_out<22>    |   11.867|
alu_b<22>      |alu_out<23>    |   11.630|
alu_b<22>      |alu_out<24>    |   11.408|
alu_b<22>      |alu_out<25>    |   11.714|
alu_b<22>      |alu_out<26>    |   12.220|
alu_b<22>      |alu_out<27>    |   11.584|
alu_b<22>      |alu_out<28>    |   11.743|
alu_b<22>      |alu_out<29>    |   12.690|
alu_b<22>      |alu_out<30>    |   11.927|
alu_b<22>      |alu_out<31>    |   11.944|
alu_b<23>      |alu_out<23>    |   11.552|
alu_b<23>      |alu_out<24>    |   11.406|
alu_b<23>      |alu_out<25>    |   11.712|
alu_b<23>      |alu_out<26>    |   12.218|
alu_b<23>      |alu_out<27>    |   11.582|
alu_b<23>      |alu_out<28>    |   11.741|
alu_b<23>      |alu_out<29>    |   12.688|
alu_b<23>      |alu_out<30>    |   11.925|
alu_b<23>      |alu_out<31>    |   11.942|
alu_b<24>      |alu_out<24>    |   11.589|
alu_b<24>      |alu_out<25>    |   11.877|
alu_b<24>      |alu_out<26>    |   12.509|
alu_b<24>      |alu_out<27>    |   11.861|
alu_b<24>      |alu_out<28>    |   12.066|
alu_b<24>      |alu_out<29>    |   13.013|
alu_b<24>      |alu_out<30>    |   12.250|
alu_b<24>      |alu_out<31>    |   12.267|
alu_b<25>      |alu_out<25>    |   11.628|
alu_b<25>      |alu_out<26>    |   12.315|
alu_b<25>      |alu_out<27>    |   11.683|
alu_b<25>      |alu_out<28>    |   11.877|
alu_b<25>      |alu_out<29>    |   12.824|
alu_b<25>      |alu_out<30>    |   12.061|
alu_b<25>      |alu_out<31>    |   12.078|
alu_b<26>      |alu_out<26>    |   12.264|
alu_b<26>      |alu_out<27>    |   11.649|
alu_b<26>      |alu_out<28>    |   11.839|
alu_b<26>      |alu_out<29>    |   12.786|
alu_b<26>      |alu_out<30>    |   12.023|
alu_b<26>      |alu_out<31>    |   12.040|
alu_b<27>      |alu_out<27>    |   11.351|
alu_b<27>      |alu_out<28>    |   11.617|
alu_b<27>      |alu_out<29>    |   12.564|
alu_b<27>      |alu_out<30>    |   11.801|
alu_b<27>      |alu_out<31>    |   11.818|
alu_b<28>      |alu_out<28>    |   11.374|
alu_b<28>      |alu_out<29>    |   12.303|
alu_b<28>      |alu_out<30>    |   11.666|
alu_b<28>      |alu_out<31>    |   11.671|
alu_b<29>      |alu_out<29>    |   12.213|
alu_b<29>      |alu_out<30>    |   11.631|
alu_b<29>      |alu_out<31>    |   11.652|
alu_b<30>      |alu_out<30>    |   11.384|
alu_b<30>      |alu_out<31>    |   11.422|
alu_b<31>      |alu_out<31>    |   10.956|
alu_op<0>      |alu_out<0>     |   13.330|
alu_op<0>      |alu_out<1>     |   13.578|
alu_op<0>      |alu_out<2>     |   13.637|
alu_op<0>      |alu_out<3>     |   13.469|
alu_op<0>      |alu_out<4>     |   13.925|
alu_op<0>      |alu_out<5>     |   14.595|
alu_op<0>      |alu_out<6>     |   13.921|
alu_op<0>      |alu_out<7>     |   13.312|
alu_op<0>      |alu_out<8>     |   13.231|
alu_op<0>      |alu_out<9>     |   13.598|
alu_op<0>      |alu_out<10>    |   13.720|
alu_op<0>      |alu_out<11>    |   13.287|
alu_op<0>      |alu_out<12>    |   13.091|
alu_op<0>      |alu_out<13>    |   13.642|
alu_op<0>      |alu_out<14>    |   13.297|
alu_op<0>      |alu_out<15>    |   13.304|
alu_op<0>      |alu_out<16>    |   13.711|
alu_op<0>      |alu_out<17>    |   13.171|
alu_op<0>      |alu_out<18>    |   13.686|
alu_op<0>      |alu_out<19>    |   13.142|
alu_op<0>      |alu_out<20>    |   13.540|
alu_op<0>      |alu_out<21>    |   13.600|
alu_op<0>      |alu_out<22>    |   14.003|
alu_op<0>      |alu_out<23>    |   13.745|
alu_op<0>      |alu_out<24>    |   13.492|
alu_op<0>      |alu_out<25>    |   13.798|
alu_op<0>      |alu_out<26>    |   14.304|
alu_op<0>      |alu_out<27>    |   13.668|
alu_op<0>      |alu_out<28>    |   13.827|
alu_op<0>      |alu_out<29>    |   14.774|
alu_op<0>      |alu_out<30>    |   14.011|
alu_op<0>      |alu_out<31>    |   14.028|
alu_op<1>      |alu_out<0>     |   12.722|
alu_op<1>      |alu_out<1>     |   13.031|
alu_op<1>      |alu_out<2>     |   13.090|
alu_op<1>      |alu_out<3>     |   12.922|
alu_op<1>      |alu_out<4>     |   13.378|
alu_op<1>      |alu_out<5>     |   14.048|
alu_op<1>      |alu_out<6>     |   13.374|
alu_op<1>      |alu_out<7>     |   12.765|
alu_op<1>      |alu_out<8>     |   12.684|
alu_op<1>      |alu_out<9>     |   13.051|
alu_op<1>      |alu_out<10>    |   13.173|
alu_op<1>      |alu_out<11>    |   12.740|
alu_op<1>      |alu_out<12>    |   12.544|
alu_op<1>      |alu_out<13>    |   13.095|
alu_op<1>      |alu_out<14>    |   12.750|
alu_op<1>      |alu_out<15>    |   12.757|
alu_op<1>      |alu_out<16>    |   13.164|
alu_op<1>      |alu_out<17>    |   12.624|
alu_op<1>      |alu_out<18>    |   13.139|
alu_op<1>      |alu_out<19>    |   12.595|
alu_op<1>      |alu_out<20>    |   12.993|
alu_op<1>      |alu_out<21>    |   13.053|
alu_op<1>      |alu_out<22>    |   13.456|
alu_op<1>      |alu_out<23>    |   13.198|
alu_op<1>      |alu_out<24>    |   12.945|
alu_op<1>      |alu_out<25>    |   13.251|
alu_op<1>      |alu_out<26>    |   13.757|
alu_op<1>      |alu_out<27>    |   13.121|
alu_op<1>      |alu_out<28>    |   13.280|
alu_op<1>      |alu_out<29>    |   14.227|
alu_op<1>      |alu_out<30>    |   13.464|
alu_op<1>      |alu_out<31>    |   13.481|
alu_op<2>      |alu_out<0>     |   12.223|
alu_op<2>      |alu_out<1>     |   12.100|
alu_op<2>      |alu_out<2>     |   11.597|
alu_op<2>      |alu_out<3>     |   11.998|
alu_op<2>      |alu_out<4>     |   12.007|
alu_op<2>      |alu_out<5>     |   12.019|
alu_op<2>      |alu_out<6>     |   12.000|
alu_op<2>      |alu_out<7>     |   11.229|
alu_op<2>      |alu_out<8>     |   11.042|
alu_op<2>      |alu_out<9>     |   11.056|
alu_op<2>      |alu_out<10>    |   11.126|
alu_op<2>      |alu_out<11>    |   10.751|
alu_op<2>      |alu_out<12>    |   10.681|
alu_op<2>      |alu_out<13>    |   11.147|
alu_op<2>      |alu_out<14>    |   10.716|
alu_op<2>      |alu_out<15>    |   10.839|
alu_op<2>      |alu_out<16>    |   11.174|
alu_op<2>      |alu_out<17>    |   10.886|
alu_op<2>      |alu_out<18>    |   10.990|
alu_op<2>      |alu_out<19>    |   10.771|
alu_op<2>      |alu_out<20>    |   10.220|
alu_op<2>      |alu_out<21>    |   10.482|
alu_op<2>      |alu_out<22>    |   11.016|
alu_op<2>      |alu_out<23>    |   10.520|
alu_op<2>      |alu_out<24>    |   10.582|
alu_op<2>      |alu_out<25>    |   10.614|
alu_op<2>      |alu_out<26>    |   10.844|
alu_op<2>      |alu_out<27>    |   10.434|
alu_op<2>      |alu_out<28>    |   11.078|
alu_op<2>      |alu_out<29>    |   11.215|
alu_op<2>      |alu_out<30>    |   11.141|
alu_op<2>      |alu_out<31>    |   11.196|
alu_op<3>      |alu_out<0>     |   11.357|
alu_op<3>      |alu_out<1>     |   11.715|
alu_op<3>      |alu_out<2>     |   11.509|
alu_op<3>      |alu_out<3>     |   11.333|
alu_op<3>      |alu_out<4>     |   11.455|
alu_op<3>      |alu_out<5>     |   11.812|
alu_op<3>      |alu_out<6>     |   11.594|
alu_op<3>      |alu_out<7>     |   10.822|
alu_op<3>      |alu_out<8>     |   10.707|
alu_op<3>      |alu_out<9>     |   10.675|
alu_op<3>      |alu_out<10>    |   11.005|
alu_op<3>      |alu_out<11>    |   10.822|
alu_op<3>      |alu_out<12>    |   10.656|
alu_op<3>      |alu_out<13>    |   10.916|
alu_op<3>      |alu_out<14>    |   10.427|
alu_op<3>      |alu_out<15>    |   10.208|
alu_op<3>      |alu_out<16>    |   10.330|
alu_op<3>      |alu_out<17>    |   10.425|
alu_op<3>      |alu_out<18>    |   10.447|
alu_op<3>      |alu_out<19>    |   10.566|
alu_op<3>      |alu_out<20>    |   10.568|
alu_op<3>      |alu_out<21>    |    9.945|
alu_op<3>      |alu_out<22>    |   10.553|
alu_op<3>      |alu_out<23>    |   10.173|
alu_op<3>      |alu_out<24>    |   10.388|
alu_op<3>      |alu_out<25>    |   10.473|
alu_op<3>      |alu_out<26>    |   10.426|
alu_op<3>      |alu_out<27>    |   10.291|
alu_op<3>      |alu_out<28>    |   10.841|
alu_op<3>      |alu_out<29>    |   10.802|
alu_op<3>      |alu_out<30>    |   10.783|
alu_op<3>      |alu_out<31>    |   10.796|
alu_op<4>      |alu_out<0>     |   11.394|
alu_op<4>      |alu_out<1>     |   11.225|
alu_op<4>      |alu_out<2>     |   10.951|
alu_op<4>      |alu_out<3>     |   11.202|
alu_op<4>      |alu_out<4>     |   11.295|
alu_op<4>      |alu_out<5>     |   11.531|
alu_op<4>      |alu_out<6>     |   11.009|
alu_op<4>      |alu_out<7>     |   10.616|
alu_op<4>      |alu_out<8>     |   10.426|
alu_op<4>      |alu_out<9>     |   10.789|
alu_op<4>      |alu_out<10>    |   10.765|
alu_op<4>      |alu_out<11>    |   10.089|
alu_op<4>      |alu_out<12>    |   10.279|
alu_op<4>      |alu_out<13>    |   10.537|
alu_op<4>      |alu_out<14>    |   10.085|
alu_op<4>      |alu_out<15>    |   10.152|
alu_op<4>      |alu_out<16>    |   10.321|
alu_op<4>      |alu_out<17>    |   10.307|
alu_op<4>      |alu_out<18>    |   10.360|
alu_op<4>      |alu_out<19>    |   10.169|
alu_op<4>      |alu_out<20>    |   10.296|
alu_op<4>      |alu_out<21>    |    9.659|
alu_op<4>      |alu_out<22>    |   10.427|
alu_op<4>      |alu_out<23>    |    9.852|
alu_op<4>      |alu_out<24>    |   10.020|
alu_op<4>      |alu_out<25>    |   10.586|
alu_op<4>      |alu_out<26>    |   10.659|
alu_op<4>      |alu_out<27>    |    9.985|
alu_op<4>      |alu_out<28>    |   10.790|
alu_op<4>      |alu_out<29>    |   10.908|
alu_op<4>      |alu_out<30>    |   10.576|
alu_op<4>      |alu_out<31>    |   10.660|
---------------+---------------+---------+


Analysis completed Sat Apr 07 22:32:33 2018 
--------------------------------------------------------------------------------

Trace Settings:
-------------------------
Trace Settings 

Peak Memory Usage: 283 MB



