--------------------------------------------------------------------------------
Release 14.7 Trace  (nt64)
Copyright (c) 1995-2013 Xilinx, Inc.  All rights reserved.

E:\Xilinx\14.7\ISE_DS\ISE\bin\nt64\unwrapped\trce.exe -intstyle ise -v 3 -s 3
-n 3 -fastpaths -xml top.twx top.ncd -o top.twr top.pcf

Design file:              top.ncd
Physical constraint file: top.pcf
Device,package,speed:     xc6slx16,csg324,C,-3 (PRODUCTION 1.23 2013-10-13)
Report level:             verbose report

Environment Variable      Effect 
--------------------      ------ 
NONE                      No environment variables were set
--------------------------------------------------------------------------------

INFO:Timing:2698 - No timing constraints found, doing default enumeration.
INFO:Timing:3412 - To improve timing, see the Timing Closure User Guide (UG612).
INFO:Timing:2752 - To get complete path coverage, use the unconstrained paths 
   option. All paths that are not constrained will be reported in the 
   unconstrained paths section(s) of the report.
INFO:Timing:3339 - The clock-to-out numbers in this timing report are based on 
   a 50 Ohm transmission line loading model.  For the details of this model, 
   and for more information on accounting for different loading conditions, 
   please see the device datasheet.



Data Sheet report:
-----------------
All values displayed in nanoseconds (ns)

Pad to Pad
---------------+---------------+---------+
Source Pad     |Destination Pad|  Delay  |
---------------+---------------+---------+
a<0>           |out<0>         |   12.373|
a<0>           |out<1>         |   12.333|
a<0>           |out<2>         |   12.611|
a<0>           |out<3>         |   12.165|
a<0>           |out<4>         |   12.678|
a<0>           |out<5>         |   12.963|
a<0>           |out<6>         |   12.618|
a<0>           |out<7>         |   11.835|
a<0>           |out<8>         |   11.848|
a<0>           |out<9>         |   12.252|
a<0>           |out<10>        |   12.747|
a<0>           |out<11>        |   12.495|
a<0>           |out<12>        |   12.009|
a<0>           |out<13>        |   12.472|
a<0>           |out<14>        |   12.248|
a<0>           |out<15>        |   12.115|
a<0>           |out<16>        |   12.666|
a<0>           |out<17>        |   12.737|
a<0>           |out<18>        |   12.584|
a<0>           |out<19>        |   11.713|
a<0>           |out<20>        |   12.165|
a<0>           |out<21>        |   12.636|
a<0>           |out<22>        |   12.529|
a<0>           |out<23>        |   12.123|
a<0>           |out<24>        |   12.297|
a<0>           |out<25>        |   12.871|
a<0>           |out<26>        |   13.044|
a<0>           |out<27>        |   12.722|
a<0>           |out<28>        |   12.549|
a<0>           |out<29>        |   12.966|
a<0>           |out<30>        |   12.883|
a<0>           |out<31>        |   13.104|
a<1>           |out<1>         |   11.900|
a<1>           |out<2>         |   12.233|
a<1>           |out<3>         |   11.803|
a<1>           |out<4>         |   12.305|
a<1>           |out<5>         |   12.590|
a<1>           |out<6>         |   12.245|
a<1>           |out<7>         |   11.462|
a<1>           |out<8>         |   11.475|
a<1>           |out<9>         |   11.879|
a<1>           |out<10>        |   12.374|
a<1>           |out<11>        |   12.122|
a<1>           |out<12>        |   11.636|
a<1>           |out<13>        |   12.099|
a<1>           |out<14>        |   11.875|
a<1>           |out<15>        |   11.742|
a<1>           |out<16>        |   12.293|
a<1>           |out<17>        |   12.364|
a<1>           |out<18>        |   12.211|
a<1>           |out<19>        |   11.340|
a<1>           |out<20>        |   11.792|
a<1>           |out<21>        |   12.263|
a<1>           |out<22>        |   12.156|
a<1>           |out<23>        |   11.750|
a<1>           |out<24>        |   11.924|
a<1>           |out<25>        |   12.498|
a<1>           |out<26>        |   12.671|
a<1>           |out<27>        |   12.349|
a<1>           |out<28>        |   12.176|
a<1>           |out<29>        |   12.593|
a<1>           |out<30>        |   12.510|
a<1>           |out<31>        |   12.731|
a<2>           |out<2>         |   12.402|
a<2>           |out<3>         |   11.989|
a<2>           |out<4>         |   12.487|
a<2>           |out<5>         |   12.772|
a<2>           |out<6>         |   12.427|
a<2>           |out<7>         |   11.644|
a<2>           |out<8>         |   11.657|
a<2>           |out<9>         |   12.061|
a<2>           |out<10>        |   12.556|
a<2>           |out<11>        |   12.304|
a<2>           |out<12>        |   11.818|
a<2>           |out<13>        |   12.281|
a<2>           |out<14>        |   12.057|
a<2>           |out<15>        |   11.924|
a<2>           |out<16>        |   12.475|
a<2>           |out<17>        |   12.546|
a<2>           |out<18>        |   12.393|
a<2>           |out<19>        |   11.522|
a<2>           |out<20>        |   11.974|
a<2>           |out<21>        |   12.445|
a<2>           |out<22>        |   12.338|
a<2>           |out<23>        |   11.932|
a<2>           |out<24>        |   12.106|
a<2>           |out<25>        |   12.680|
a<2>           |out<26>        |   12.853|
a<2>           |out<27>        |   12.531|
a<2>           |out<28>        |   12.358|
a<2>           |out<29>        |   12.775|
a<2>           |out<30>        |   12.692|
a<2>           |out<31>        |   12.913|
a<3>           |out<3>         |   11.971|
a<3>           |out<4>         |   12.545|
a<3>           |out<5>         |   12.830|
a<3>           |out<6>         |   12.485|
a<3>           |out<7>         |   11.702|
a<3>           |out<8>         |   11.715|
a<3>           |out<9>         |   12.119|
a<3>           |out<10>        |   12.614|
a<3>           |out<11>        |   12.362|
a<3>           |out<12>        |   11.876|
a<3>           |out<13>        |   12.339|
a<3>           |out<14>        |   12.115|
a<3>           |out<15>        |   11.982|
a<3>           |out<16>        |   12.533|
a<3>           |out<17>        |   12.604|
a<3>           |out<18>        |   12.451|
a<3>           |out<19>        |   11.580|
a<3>           |out<20>        |   12.032|
a<3>           |out<21>        |   12.503|
a<3>           |out<22>        |   12.396|
a<3>           |out<23>        |   11.990|
a<3>           |out<24>        |   12.164|
a<3>           |out<25>        |   12.738|
a<3>           |out<26>        |   12.911|
a<3>           |out<27>        |   12.589|
a<3>           |out<28>        |   12.416|
a<3>           |out<29>        |   12.833|
a<3>           |out<30>        |   12.750|
a<3>           |out<31>        |   12.971|
a<4>           |out<4>         |   12.356|
a<4>           |out<5>         |   12.623|
a<4>           |out<6>         |   12.404|
a<4>           |out<7>         |   11.609|
a<4>           |out<8>         |   11.668|
a<4>           |out<9>         |   12.072|
a<4>           |out<10>        |   12.567|
a<4>           |out<11>        |   12.315|
a<4>           |out<12>        |   11.829|
a<4>           |out<13>        |   12.292|
a<4>           |out<14>        |   12.068|
a<4>           |out<15>        |   11.935|
a<4>           |out<16>        |   12.486|
a<4>           |out<17>        |   12.557|
a<4>           |out<18>        |   12.404|
a<4>           |out<19>        |   11.533|
a<4>           |out<20>        |   11.985|
a<4>           |out<21>        |   12.456|
a<4>           |out<22>        |   12.349|
a<4>           |out<23>        |   11.943|
a<4>           |out<24>        |   12.117|
a<4>           |out<25>        |   12.691|
a<4>           |out<26>        |   12.864|
a<4>           |out<27>        |   12.542|
a<4>           |out<28>        |   12.369|
a<4>           |out<29>        |   12.786|
a<4>           |out<30>        |   12.703|
a<4>           |out<31>        |   12.924|
a<5>           |out<5>         |   12.657|
a<5>           |out<6>         |   12.493|
a<5>           |out<7>         |   11.714|
a<5>           |out<8>         |   11.762|
a<5>           |out<9>         |   12.166|
a<5>           |out<10>        |   12.661|
a<5>           |out<11>        |   12.409|
a<5>           |out<12>        |   11.923|
a<5>           |out<13>        |   12.386|
a<5>           |out<14>        |   12.162|
a<5>           |out<15>        |   12.029|
a<5>           |out<16>        |   12.580|
a<5>           |out<17>        |   12.651|
a<5>           |out<18>        |   12.498|
a<5>           |out<19>        |   11.627|
a<5>           |out<20>        |   12.079|
a<5>           |out<21>        |   12.550|
a<5>           |out<22>        |   12.443|
a<5>           |out<23>        |   12.037|
a<5>           |out<24>        |   12.211|
a<5>           |out<25>        |   12.785|
a<5>           |out<26>        |   12.958|
a<5>           |out<27>        |   12.636|
a<5>           |out<28>        |   12.463|
a<5>           |out<29>        |   12.880|
a<5>           |out<30>        |   12.797|
a<5>           |out<31>        |   13.018|
a<6>           |out<6>         |   12.111|
a<6>           |out<7>         |   11.349|
a<6>           |out<8>         |   11.393|
a<6>           |out<9>         |   11.797|
a<6>           |out<10>        |   12.292|
a<6>           |out<11>        |   12.040|
a<6>           |out<12>        |   11.554|
a<6>           |out<13>        |   12.017|
a<6>           |out<14>        |   11.793|
a<6>           |out<15>        |   11.660|
a<6>           |out<16>        |   12.211|
a<6>           |out<17>        |   12.282|
a<6>           |out<18>        |   12.129|
a<6>           |out<19>        |   11.258|
a<6>           |out<20>        |   11.710|
a<6>           |out<21>        |   12.181|
a<6>           |out<22>        |   12.074|
a<6>           |out<23>        |   11.668|
a<6>           |out<24>        |   11.842|
a<6>           |out<25>        |   12.416|
a<6>           |out<26>        |   12.589|
a<6>           |out<27>        |   12.267|
a<6>           |out<28>        |   12.094|
a<6>           |out<29>        |   12.511|
a<6>           |out<30>        |   12.428|
a<6>           |out<31>        |   12.649|
a<7>           |out<7>         |   11.350|
a<7>           |out<8>         |   11.470|
a<7>           |out<9>         |   11.874|
a<7>           |out<10>        |   12.369|
a<7>           |out<11>        |   12.117|
a<7>           |out<12>        |   11.631|
a<7>           |out<13>        |   12.094|
a<7>           |out<14>        |   11.870|
a<7>           |out<15>        |   11.737|
a<7>           |out<16>        |   12.288|
a<7>           |out<17>        |   12.359|
a<7>           |out<18>        |   12.206|
a<7>           |out<19>        |   11.335|
a<7>           |out<20>        |   11.787|
a<7>           |out<21>        |   12.258|
a<7>           |out<22>        |   12.151|
a<7>           |out<23>        |   11.745|
a<7>           |out<24>        |   11.919|
a<7>           |out<25>        |   12.493|
a<7>           |out<26>        |   12.666|
a<7>           |out<27>        |   12.344|
a<7>           |out<28>        |   12.171|
a<7>           |out<29>        |   12.588|
a<7>           |out<30>        |   12.505|
a<7>           |out<31>        |   12.726|
a<8>           |out<8>         |   11.328|
a<8>           |out<9>         |   11.714|
a<8>           |out<10>        |   12.335|
a<8>           |out<11>        |   12.071|
a<8>           |out<12>        |   11.631|
a<8>           |out<13>        |   12.094|
a<8>           |out<14>        |   11.870|
a<8>           |out<15>        |   11.737|
a<8>           |out<16>        |   12.288|
a<8>           |out<17>        |   12.359|
a<8>           |out<18>        |   12.206|
a<8>           |out<19>        |   11.335|
a<8>           |out<20>        |   11.787|
a<8>           |out<21>        |   12.258|
a<8>           |out<22>        |   12.151|
a<8>           |out<23>        |   11.745|
a<8>           |out<24>        |   11.919|
a<8>           |out<25>        |   12.493|
a<8>           |out<26>        |   12.666|
a<8>           |out<27>        |   12.344|
a<8>           |out<28>        |   12.171|
a<8>           |out<29>        |   12.588|
a<8>           |out<30>        |   12.505|
a<8>           |out<31>        |   12.726|
a<9>           |out<9>         |   12.083|
a<9>           |out<10>        |   12.759|
a<9>           |out<11>        |   12.511|
a<9>           |out<12>        |   12.060|
a<9>           |out<13>        |   12.523|
a<9>           |out<14>        |   12.299|
a<9>           |out<15>        |   12.166|
a<9>           |out<16>        |   12.717|
a<9>           |out<17>        |   12.788|
a<9>           |out<18>        |   12.635|
a<9>           |out<19>        |   11.764|
a<9>           |out<20>        |   12.216|
a<9>           |out<21>        |   12.687|
a<9>           |out<22>        |   12.580|
a<9>           |out<23>        |   12.174|
a<9>           |out<24>        |   12.348|
a<9>           |out<25>        |   12.922|
a<9>           |out<26>        |   13.095|
a<9>           |out<27>        |   12.773|
a<9>           |out<28>        |   12.600|
a<9>           |out<29>        |   13.017|
a<9>           |out<30>        |   12.934|
a<9>           |out<31>        |   13.155|
a<10>          |out<10>        |   12.225|
a<10>          |out<11>        |   11.994|
a<10>          |out<12>        |   11.539|
a<10>          |out<13>        |   12.002|
a<10>          |out<14>        |   11.778|
a<10>          |out<15>        |   11.645|
a<10>          |out<16>        |   12.196|
a<10>          |out<17>        |   12.267|
a<10>          |out<18>        |   12.114|
a<10>          |out<19>        |   11.243|
a<10>          |out<20>        |   11.695|
a<10>          |out<21>        |   12.166|
a<10>          |out<22>        |   12.059|
a<10>          |out<23>        |   11.653|
a<10>          |out<24>        |   11.827|
a<10>          |out<25>        |   12.401|
a<10>          |out<26>        |   12.574|
a<10>          |out<27>        |   12.252|
a<10>          |out<28>        |   12.079|
a<10>          |out<29>        |   12.496|
a<10>          |out<30>        |   12.413|
a<10>          |out<31>        |   12.634|
a<11>          |out<11>        |   11.503|
a<11>          |out<12>        |   11.124|
a<11>          |out<13>        |   11.587|
a<11>          |out<14>        |   11.363|
a<11>          |out<15>        |   11.230|
a<11>          |out<16>        |   11.781|
a<11>          |out<17>        |   11.852|
a<11>          |out<18>        |   11.699|
a<11>          |out<19>        |   10.828|
a<11>          |out<20>        |   11.280|
a<11>          |out<21>        |   11.751|
a<11>          |out<22>        |   11.644|
a<11>          |out<23>        |   11.238|
a<11>          |out<24>        |   11.412|
a<11>          |out<25>        |   11.986|
a<11>          |out<26>        |   12.159|
a<11>          |out<27>        |   11.837|
a<11>          |out<28>        |   11.664|
a<11>          |out<29>        |   12.081|
a<11>          |out<30>        |   11.998|
a<11>          |out<31>        |   12.219|
a<12>          |out<12>        |   11.535|
a<12>          |out<13>        |   11.980|
a<12>          |out<14>        |   11.882|
a<12>          |out<15>        |   11.737|
a<12>          |out<16>        |   12.334|
a<12>          |out<17>        |   12.405|
a<12>          |out<18>        |   12.252|
a<12>          |out<19>        |   11.381|
a<12>          |out<20>        |   11.833|
a<12>          |out<21>        |   12.304|
a<12>          |out<22>        |   12.197|
a<12>          |out<23>        |   11.791|
a<12>          |out<24>        |   11.965|
a<12>          |out<25>        |   12.539|
a<12>          |out<26>        |   12.712|
a<12>          |out<27>        |   12.390|
a<12>          |out<28>        |   12.217|
a<12>          |out<29>        |   12.634|
a<12>          |out<30>        |   12.551|
a<12>          |out<31>        |   12.772|
a<13>          |out<13>        |   12.156|
a<13>          |out<14>        |   12.113|
a<13>          |out<15>        |   11.984|
a<13>          |out<16>        |   12.570|
a<13>          |out<17>        |   12.641|
a<13>          |out<18>        |   12.488|
a<13>          |out<19>        |   11.617|
a<13>          |out<20>        |   12.069|
a<13>          |out<21>        |   12.540|
a<13>          |out<22>        |   12.433|
a<13>          |out<23>        |   12.027|
a<13>          |out<24>        |   12.201|
a<13>          |out<25>        |   12.775|
a<13>          |out<26>        |   12.948|
a<13>          |out<27>        |   12.626|
a<13>          |out<28>        |   12.453|
a<13>          |out<29>        |   12.870|
a<13>          |out<30>        |   12.787|
a<13>          |out<31>        |   13.008|
a<14>          |out<14>        |   11.007|
a<14>          |out<15>        |   10.895|
a<14>          |out<16>        |   11.477|
a<14>          |out<17>        |   11.548|
a<14>          |out<18>        |   11.395|
a<14>          |out<19>        |   10.524|
a<14>          |out<20>        |   10.976|
a<14>          |out<21>        |   11.447|
a<14>          |out<22>        |   11.340|
a<14>          |out<23>        |   10.934|
a<14>          |out<24>        |   11.108|
a<14>          |out<25>        |   11.682|
a<14>          |out<26>        |   11.855|
a<14>          |out<27>        |   11.533|
a<14>          |out<28>        |   11.360|
a<14>          |out<29>        |   11.777|
a<14>          |out<30>        |   11.694|
a<14>          |out<31>        |   11.915|
a<15>          |out<15>        |   10.758|
a<15>          |out<16>        |   11.416|
a<15>          |out<17>        |   11.487|
a<15>          |out<18>        |   11.334|
a<15>          |out<19>        |   10.463|
a<15>          |out<20>        |   10.915|
a<15>          |out<21>        |   11.386|
a<15>          |out<22>        |   11.279|
a<15>          |out<23>        |   10.873|
a<15>          |out<24>        |   11.047|
a<15>          |out<25>        |   11.621|
a<15>          |out<26>        |   11.794|
a<15>          |out<27>        |   11.472|
a<15>          |out<28>        |   11.299|
a<15>          |out<29>        |   11.716|
a<15>          |out<30>        |   11.633|
a<15>          |out<31>        |   11.854|
a<16>          |out<16>        |   11.386|
a<16>          |out<17>        |   11.439|
a<16>          |out<18>        |   11.412|
a<16>          |out<19>        |   10.529|
a<16>          |out<20>        |   11.027|
a<16>          |out<21>        |   11.498|
a<16>          |out<22>        |   11.391|
a<16>          |out<23>        |   10.985|
a<16>          |out<24>        |   11.159|
a<16>          |out<25>        |   11.733|
a<16>          |out<26>        |   11.906|
a<16>          |out<27>        |   11.584|
a<16>          |out<28>        |   11.411|
a<16>          |out<29>        |   11.828|
a<16>          |out<30>        |   11.745|
a<16>          |out<31>        |   11.966|
a<17>          |out<17>        |   12.118|
a<17>          |out<18>        |   12.146|
a<17>          |out<19>        |   11.279|
a<17>          |out<20>        |   11.766|
a<17>          |out<21>        |   12.237|
a<17>          |out<22>        |   12.130|
a<17>          |out<23>        |   11.724|
a<17>          |out<24>        |   11.898|
a<17>          |out<25>        |   12.472|
a<17>          |out<26>        |   12.645|
a<17>          |out<27>        |   12.323|
a<17>          |out<28>        |   12.150|
a<17>          |out<29>        |   12.567|
a<17>          |out<30>        |   12.484|
a<17>          |out<31>        |   12.705|
a<18>          |out<18>        |   11.347|
a<18>          |out<19>        |   10.497|
a<18>          |out<20>        |   10.980|
a<18>          |out<21>        |   11.451|
a<18>          |out<22>        |   11.344|
a<18>          |out<23>        |   10.938|
a<18>          |out<24>        |   11.112|
a<18>          |out<25>        |   11.686|
a<18>          |out<26>        |   11.859|
a<18>          |out<27>        |   11.537|
a<18>          |out<28>        |   11.364|
a<18>          |out<29>        |   11.781|
a<18>          |out<30>        |   11.698|
a<18>          |out<31>        |   11.919|
a<19>          |out<19>        |   10.385|
a<19>          |out<20>        |   10.944|
a<19>          |out<21>        |   11.415|
a<19>          |out<22>        |   11.308|
a<19>          |out<23>        |   10.902|
a<19>          |out<24>        |   11.076|
a<19>          |out<25>        |   11.650|
a<19>          |out<26>        |   11.823|
a<19>          |out<27>        |   11.501|
a<19>          |out<28>        |   11.328|
a<19>          |out<29>        |   11.745|
a<19>          |out<30>        |   11.662|
a<19>          |out<31>        |   11.883|
a<20>          |out<20>        |   11.164|
a<20>          |out<21>        |   11.617|
a<20>          |out<22>        |   11.636|
a<20>          |out<23>        |   11.218|
a<20>          |out<24>        |   11.438|
a<20>          |out<25>        |   12.012|
a<20>          |out<26>        |   12.185|
a<20>          |out<27>        |   11.863|
a<20>          |out<28>        |   11.690|
a<20>          |out<29>        |   12.107|
a<20>          |out<30>        |   12.024|
a<20>          |out<31>        |   12.245|
a<21>          |out<21>        |   10.753|
a<21>          |out<22>        |   10.827|
a<21>          |out<23>        |   10.425|
a<21>          |out<24>        |   10.634|
a<21>          |out<25>        |   11.208|
a<21>          |out<26>        |   11.381|
a<21>          |out<27>        |   11.059|
a<21>          |out<28>        |   10.886|
a<21>          |out<29>        |   11.303|
a<21>          |out<30>        |   11.220|
a<21>          |out<31>        |   11.441|
a<22>          |out<22>        |   11.158|
a<22>          |out<23>        |   10.773|
a<22>          |out<24>        |   10.978|
a<22>          |out<25>        |   11.552|
a<22>          |out<26>        |   11.725|
a<22>          |out<27>        |   11.403|
a<22>          |out<28>        |   11.230|
a<22>          |out<29>        |   11.647|
a<22>          |out<30>        |   11.564|
a<22>          |out<31>        |   11.785|
a<23>          |out<23>        |   10.246|
a<23>          |out<24>        |   10.527|
a<23>          |out<25>        |   11.101|
a<23>          |out<26>        |   11.274|
a<23>          |out<27>        |   10.952|
a<23>          |out<28>        |   10.779|
a<23>          |out<29>        |   11.196|
a<23>          |out<30>        |   11.113|
a<23>          |out<31>        |   11.334|
a<24>          |out<24>        |   11.018|
a<24>          |out<25>        |   11.574|
a<24>          |out<26>        |   11.873|
a<24>          |out<27>        |   11.539|
a<24>          |out<28>        |   11.412|
a<24>          |out<29>        |   11.829|
a<24>          |out<30>        |   11.746|
a<24>          |out<31>        |   11.967|
a<25>          |out<25>        |   10.677|
a<25>          |out<26>        |   11.031|
a<25>          |out<27>        |   10.713|
a<25>          |out<28>        |   10.575|
a<25>          |out<29>        |   10.992|
a<25>          |out<30>        |   10.909|
a<25>          |out<31>        |   11.130|
a<26>          |out<26>        |   11.284|
a<26>          |out<27>        |   10.983|
a<26>          |out<28>        |   10.841|
a<26>          |out<29>        |   11.258|
a<26>          |out<30>        |   11.175|
a<26>          |out<31>        |   11.396|
a<27>          |out<27>        |   10.525|
a<27>          |out<28>        |   10.459|
a<27>          |out<29>        |   10.876|
a<27>          |out<30>        |   10.793|
a<27>          |out<31>        |   11.014|
a<28>          |out<28>        |   10.351|
a<28>          |out<29>        |   10.750|
a<28>          |out<30>        |   10.793|
a<28>          |out<31>        |   11.002|
a<29>          |out<29>        |   10.806|
a<29>          |out<30>        |   10.904|
a<29>          |out<31>        |   11.129|
a<30>          |out<30>        |   11.188|
a<30>          |out<31>        |   11.430|
a<31>          |out<31>        |   10.912|
b<0>           |out<0>         |   11.637|
b<0>           |out<1>         |   11.597|
b<0>           |out<2>         |   11.875|
b<0>           |out<3>         |   11.429|
b<0>           |out<4>         |   11.942|
b<0>           |out<5>         |   12.227|
b<0>           |out<6>         |   11.882|
b<0>           |out<7>         |   11.099|
b<0>           |out<8>         |   11.112|
b<0>           |out<9>         |   11.516|
b<0>           |out<10>        |   12.011|
b<0>           |out<11>        |   11.759|
b<0>           |out<12>        |   11.273|
b<0>           |out<13>        |   11.736|
b<0>           |out<14>        |   11.512|
b<0>           |out<15>        |   11.379|
b<0>           |out<16>        |   11.930|
b<0>           |out<17>        |   12.001|
b<0>           |out<18>        |   11.848|
b<0>           |out<19>        |   10.977|
b<0>           |out<20>        |   11.429|
b<0>           |out<21>        |   11.900|
b<0>           |out<22>        |   11.793|
b<0>           |out<23>        |   11.387|
b<0>           |out<24>        |   11.561|
b<0>           |out<25>        |   12.135|
b<0>           |out<26>        |   12.308|
b<0>           |out<27>        |   11.986|
b<0>           |out<28>        |   11.813|
b<0>           |out<29>        |   12.230|
b<0>           |out<30>        |   12.147|
b<0>           |out<31>        |   12.368|
b<1>           |out<1>         |   12.081|
b<1>           |out<2>         |   12.414|
b<1>           |out<3>         |   11.984|
b<1>           |out<4>         |   12.486|
b<1>           |out<5>         |   12.771|
b<1>           |out<6>         |   12.426|
b<1>           |out<7>         |   11.643|
b<1>           |out<8>         |   11.656|
b<1>           |out<9>         |   12.060|
b<1>           |out<10>        |   12.555|
b<1>           |out<11>        |   12.303|
b<1>           |out<12>        |   11.817|
b<1>           |out<13>        |   12.280|
b<1>           |out<14>        |   12.056|
b<1>           |out<15>        |   11.923|
b<1>           |out<16>        |   12.474|
b<1>           |out<17>        |   12.545|
b<1>           |out<18>        |   12.392|
b<1>           |out<19>        |   11.521|
b<1>           |out<20>        |   11.973|
b<1>           |out<21>        |   12.444|
b<1>           |out<22>        |   12.337|
b<1>           |out<23>        |   11.931|
b<1>           |out<24>        |   12.105|
b<1>           |out<25>        |   12.679|
b<1>           |out<26>        |   12.852|
b<1>           |out<27>        |   12.530|
b<1>           |out<28>        |   12.357|
b<1>           |out<29>        |   12.774|
b<1>           |out<30>        |   12.691|
b<1>           |out<31>        |   12.912|
b<2>           |out<2>         |   12.238|
b<2>           |out<3>         |   11.825|
b<2>           |out<4>         |   12.323|
b<2>           |out<5>         |   12.608|
b<2>           |out<6>         |   12.263|
b<2>           |out<7>         |   11.480|
b<2>           |out<8>         |   11.493|
b<2>           |out<9>         |   11.897|
b<2>           |out<10>        |   12.392|
b<2>           |out<11>        |   12.140|
b<2>           |out<12>        |   11.654|
b<2>           |out<13>        |   12.117|
b<2>           |out<14>        |   11.893|
b<2>           |out<15>        |   11.760|
b<2>           |out<16>        |   12.311|
b<2>           |out<17>        |   12.382|
b<2>           |out<18>        |   12.229|
b<2>           |out<19>        |   11.358|
b<2>           |out<20>        |   11.810|
b<2>           |out<21>        |   12.281|
b<2>           |out<22>        |   12.174|
b<2>           |out<23>        |   11.768|
b<2>           |out<24>        |   11.942|
b<2>           |out<25>        |   12.516|
b<2>           |out<26>        |   12.689|
b<2>           |out<27>        |   12.367|
b<2>           |out<28>        |   12.194|
b<2>           |out<29>        |   12.611|
b<2>           |out<30>        |   12.528|
b<2>           |out<31>        |   12.749|
b<3>           |out<3>         |   11.694|
b<3>           |out<4>         |   12.039|
b<3>           |out<5>         |   12.324|
b<3>           |out<6>         |   11.979|
b<3>           |out<7>         |   11.196|
b<3>           |out<8>         |   11.209|
b<3>           |out<9>         |   11.613|
b<3>           |out<10>        |   12.108|
b<3>           |out<11>        |   11.856|
b<3>           |out<12>        |   11.370|
b<3>           |out<13>        |   11.833|
b<3>           |out<14>        |   11.609|
b<3>           |out<15>        |   11.476|
b<3>           |out<16>        |   12.027|
b<3>           |out<17>        |   12.098|
b<3>           |out<18>        |   11.945|
b<3>           |out<19>        |   11.074|
b<3>           |out<20>        |   11.526|
b<3>           |out<21>        |   11.997|
b<3>           |out<22>        |   11.890|
b<3>           |out<23>        |   11.484|
b<3>           |out<24>        |   11.658|
b<3>           |out<25>        |   12.232|
b<3>           |out<26>        |   12.405|
b<3>           |out<27>        |   12.083|
b<3>           |out<28>        |   11.910|
b<3>           |out<29>        |   12.327|
b<3>           |out<30>        |   12.244|
b<3>           |out<31>        |   12.465|
b<4>           |out<4>         |   12.300|
b<4>           |out<5>         |   12.567|
b<4>           |out<6>         |   12.348|
b<4>           |out<7>         |   11.553|
b<4>           |out<8>         |   11.612|
b<4>           |out<9>         |   12.016|
b<4>           |out<10>        |   12.511|
b<4>           |out<11>        |   12.259|
b<4>           |out<12>        |   11.773|
b<4>           |out<13>        |   12.236|
b<4>           |out<14>        |   12.012|
b<4>           |out<15>        |   11.879|
b<4>           |out<16>        |   12.430|
b<4>           |out<17>        |   12.501|
b<4>           |out<18>        |   12.348|
b<4>           |out<19>        |   11.477|
b<4>           |out<20>        |   11.929|
b<4>           |out<21>        |   12.400|
b<4>           |out<22>        |   12.293|
b<4>           |out<23>        |   11.887|
b<4>           |out<24>        |   12.061|
b<4>           |out<25>        |   12.635|
b<4>           |out<26>        |   12.808|
b<4>           |out<27>        |   12.486|
b<4>           |out<28>        |   12.313|
b<4>           |out<29>        |   12.730|
b<4>           |out<30>        |   12.647|
b<4>           |out<31>        |   12.868|
b<5>           |out<5>         |   12.162|
b<5>           |out<6>         |   11.998|
b<5>           |out<7>         |   11.219|
b<5>           |out<8>         |   11.267|
b<5>           |out<9>         |   11.671|
b<5>           |out<10>        |   12.166|
b<5>           |out<11>        |   11.914|
b<5>           |out<12>        |   11.428|
b<5>           |out<13>        |   11.891|
b<5>           |out<14>        |   11.667|
b<5>           |out<15>        |   11.534|
b<5>           |out<16>        |   12.085|
b<5>           |out<17>        |   12.156|
b<5>           |out<18>        |   12.003|
b<5>           |out<19>        |   11.132|
b<5>           |out<20>        |   11.584|
b<5>           |out<21>        |   12.055|
b<5>           |out<22>        |   11.948|
b<5>           |out<23>        |   11.542|
b<5>           |out<24>        |   11.716|
b<5>           |out<25>        |   12.290|
b<5>           |out<26>        |   12.463|
b<5>           |out<27>        |   12.141|
b<5>           |out<28>        |   11.968|
b<5>           |out<29>        |   12.385|
b<5>           |out<30>        |   12.302|
b<5>           |out<31>        |   12.523|
b<6>           |out<6>         |   11.940|
b<6>           |out<7>         |   11.178|
b<6>           |out<8>         |   11.222|
b<6>           |out<9>         |   11.626|
b<6>           |out<10>        |   12.121|
b<6>           |out<11>        |   11.869|
b<6>           |out<12>        |   11.383|
b<6>           |out<13>        |   11.846|
b<6>           |out<14>        |   11.622|
b<6>           |out<15>        |   11.489|
b<6>           |out<16>        |   12.040|
b<6>           |out<17>        |   12.111|
b<6>           |out<18>        |   11.958|
b<6>           |out<19>        |   11.087|
b<6>           |out<20>        |   11.539|
b<6>           |out<21>        |   12.010|
b<6>           |out<22>        |   11.903|
b<6>           |out<23>        |   11.497|
b<6>           |out<24>        |   11.671|
b<6>           |out<25>        |   12.245|
b<6>           |out<26>        |   12.418|
b<6>           |out<27>        |   12.096|
b<6>           |out<28>        |   11.923|
b<6>           |out<29>        |   12.340|
b<6>           |out<30>        |   12.257|
b<6>           |out<31>        |   12.478|
b<7>           |out<7>         |   10.725|
b<7>           |out<8>         |   10.845|
b<7>           |out<9>         |   11.249|
b<7>           |out<10>        |   11.744|
b<7>           |out<11>        |   11.492|
b<7>           |out<12>        |   11.006|
b<7>           |out<13>        |   11.469|
b<7>           |out<14>        |   11.245|
b<7>           |out<15>        |   11.112|
b<7>           |out<16>        |   11.663|
b<7>           |out<17>        |   11.734|
b<7>           |out<18>        |   11.581|
b<7>           |out<19>        |   10.710|
b<7>           |out<20>        |   11.162|
b<7>           |out<21>        |   11.633|
b<7>           |out<22>        |   11.526|
b<7>           |out<23>        |   11.120|
b<7>           |out<24>        |   11.294|
b<7>           |out<25>        |   11.868|
b<7>           |out<26>        |   12.041|
b<7>           |out<27>        |   11.719|
b<7>           |out<28>        |   11.546|
b<7>           |out<29>        |   11.963|
b<7>           |out<30>        |   11.880|
b<7>           |out<31>        |   12.101|
b<8>           |out<8>         |   11.438|
b<8>           |out<9>         |   11.824|
b<8>           |out<10>        |   12.445|
b<8>           |out<11>        |   12.181|
b<8>           |out<12>        |   11.741|
b<8>           |out<13>        |   12.204|
b<8>           |out<14>        |   11.980|
b<8>           |out<15>        |   11.847|
b<8>           |out<16>        |   12.398|
b<8>           |out<17>        |   12.469|
b<8>           |out<18>        |   12.316|
b<8>           |out<19>        |   11.445|
b<8>           |out<20>        |   11.897|
b<8>           |out<21>        |   12.368|
b<8>           |out<22>        |   12.261|
b<8>           |out<23>        |   11.855|
b<8>           |out<24>        |   12.029|
b<8>           |out<25>        |   12.603|
b<8>           |out<26>        |   12.776|
b<8>           |out<27>        |   12.454|
b<8>           |out<28>        |   12.281|
b<8>           |out<29>        |   12.698|
b<8>           |out<30>        |   12.615|
b<8>           |out<31>        |   12.836|
b<9>           |out<9>         |   11.612|
b<9>           |out<10>        |   12.288|
b<9>           |out<11>        |   12.040|
b<9>           |out<12>        |   11.589|
b<9>           |out<13>        |   12.052|
b<9>           |out<14>        |   11.828|
b<9>           |out<15>        |   11.695|
b<9>           |out<16>        |   12.246|
b<9>           |out<17>        |   12.317|
b<9>           |out<18>        |   12.164|
b<9>           |out<19>        |   11.293|
b<9>           |out<20>        |   11.745|
b<9>           |out<21>        |   12.216|
b<9>           |out<22>        |   12.109|
b<9>           |out<23>        |   11.703|
b<9>           |out<24>        |   11.877|
b<9>           |out<25>        |   12.451|
b<9>           |out<26>        |   12.624|
b<9>           |out<27>        |   12.302|
b<9>           |out<28>        |   12.129|
b<9>           |out<29>        |   12.546|
b<9>           |out<30>        |   12.463|
b<9>           |out<31>        |   12.684|
b<10>          |out<10>        |   12.070|
b<10>          |out<11>        |   11.839|
b<10>          |out<12>        |   11.384|
b<10>          |out<13>        |   11.847|
b<10>          |out<14>        |   11.623|
b<10>          |out<15>        |   11.490|
b<10>          |out<16>        |   12.041|
b<10>          |out<17>        |   12.112|
b<10>          |out<18>        |   11.959|
b<10>          |out<19>        |   11.088|
b<10>          |out<20>        |   11.540|
b<10>          |out<21>        |   12.011|
b<10>          |out<22>        |   11.904|
b<10>          |out<23>        |   11.498|
b<10>          |out<24>        |   11.672|
b<10>          |out<25>        |   12.246|
b<10>          |out<26>        |   12.419|
b<10>          |out<27>        |   12.097|
b<10>          |out<28>        |   11.924|
b<10>          |out<29>        |   12.341|
b<10>          |out<30>        |   12.258|
b<10>          |out<31>        |   12.479|
b<11>          |out<11>        |   11.925|
b<11>          |out<12>        |   11.546|
b<11>          |out<13>        |   12.009|
b<11>          |out<14>        |   11.785|
b<11>          |out<15>        |   11.652|
b<11>          |out<16>        |   12.203|
b<11>          |out<17>        |   12.274|
b<11>          |out<18>        |   12.121|
b<11>          |out<19>        |   11.250|
b<11>          |out<20>        |   11.702|
b<11>          |out<21>        |   12.173|
b<11>          |out<22>        |   12.066|
b<11>          |out<23>        |   11.660|
b<11>          |out<24>        |   11.834|
b<11>          |out<25>        |   12.408|
b<11>          |out<26>        |   12.581|
b<11>          |out<27>        |   12.259|
b<11>          |out<28>        |   12.086|
b<11>          |out<29>        |   12.503|
b<11>          |out<30>        |   12.420|
b<11>          |out<31>        |   12.641|
b<12>          |out<12>        |   11.152|
b<12>          |out<13>        |   11.597|
b<12>          |out<14>        |   11.499|
b<12>          |out<15>        |   11.354|
b<12>          |out<16>        |   11.951|
b<12>          |out<17>        |   12.022|
b<12>          |out<18>        |   11.869|
b<12>          |out<19>        |   10.998|
b<12>          |out<20>        |   11.450|
b<12>          |out<21>        |   11.921|
b<12>          |out<22>        |   11.814|
b<12>          |out<23>        |   11.408|
b<12>          |out<24>        |   11.582|
b<12>          |out<25>        |   12.156|
b<12>          |out<26>        |   12.329|
b<12>          |out<27>        |   12.007|
b<12>          |out<28>        |   11.834|
b<12>          |out<29>        |   12.251|
b<12>          |out<30>        |   12.168|
b<12>          |out<31>        |   12.389|
b<13>          |out<13>        |   11.245|
b<13>          |out<14>        |   11.202|
b<13>          |out<15>        |   11.073|
b<13>          |out<16>        |   11.659|
b<13>          |out<17>        |   11.730|
b<13>          |out<18>        |   11.577|
b<13>          |out<19>        |   10.706|
b<13>          |out<20>        |   11.158|
b<13>          |out<21>        |   11.629|
b<13>          |out<22>        |   11.522|
b<13>          |out<23>        |   11.116|
b<13>          |out<24>        |   11.290|
b<13>          |out<25>        |   11.864|
b<13>          |out<26>        |   12.037|
b<13>          |out<27>        |   11.715|
b<13>          |out<28>        |   11.542|
b<13>          |out<29>        |   11.959|
b<13>          |out<30>        |   11.876|
b<13>          |out<31>        |   12.097|
b<14>          |out<14>        |   11.416|
b<14>          |out<15>        |   11.304|
b<14>          |out<16>        |   11.886|
b<14>          |out<17>        |   11.957|
b<14>          |out<18>        |   11.804|
b<14>          |out<19>        |   10.933|
b<14>          |out<20>        |   11.385|
b<14>          |out<21>        |   11.856|
b<14>          |out<22>        |   11.749|
b<14>          |out<23>        |   11.343|
b<14>          |out<24>        |   11.517|
b<14>          |out<25>        |   12.091|
b<14>          |out<26>        |   12.264|
b<14>          |out<27>        |   11.942|
b<14>          |out<28>        |   11.769|
b<14>          |out<29>        |   12.186|
b<14>          |out<30>        |   12.103|
b<14>          |out<31>        |   12.324|
b<15>          |out<15>        |   11.040|
b<15>          |out<16>        |   11.698|
b<15>          |out<17>        |   11.769|
b<15>          |out<18>        |   11.616|
b<15>          |out<19>        |   10.745|
b<15>          |out<20>        |   11.197|
b<15>          |out<21>        |   11.668|
b<15>          |out<22>        |   11.561|
b<15>          |out<23>        |   11.155|
b<15>          |out<24>        |   11.329|
b<15>          |out<25>        |   11.903|
b<15>          |out<26>        |   12.076|
b<15>          |out<27>        |   11.754|
b<15>          |out<28>        |   11.581|
b<15>          |out<29>        |   11.998|
b<15>          |out<30>        |   11.915|
b<15>          |out<31>        |   12.136|
b<16>          |out<16>        |   12.222|
b<16>          |out<17>        |   12.275|
b<16>          |out<18>        |   12.248|
b<16>          |out<19>        |   11.365|
b<16>          |out<20>        |   11.863|
b<16>          |out<21>        |   12.334|
b<16>          |out<22>        |   12.227|
b<16>          |out<23>        |   11.821|
b<16>          |out<24>        |   11.995|
b<16>          |out<25>        |   12.569|
b<16>          |out<26>        |   12.742|
b<16>          |out<27>        |   12.420|
b<16>          |out<28>        |   12.247|
b<16>          |out<29>        |   12.664|
b<16>          |out<30>        |   12.581|
b<16>          |out<31>        |   12.802|
b<17>          |out<17>        |   11.501|
b<17>          |out<18>        |   11.529|
b<17>          |out<19>        |   10.662|
b<17>          |out<20>        |   11.149|
b<17>          |out<21>        |   11.620|
b<17>          |out<22>        |   11.513|
b<17>          |out<23>        |   11.107|
b<17>          |out<24>        |   11.281|
b<17>          |out<25>        |   11.855|
b<17>          |out<26>        |   12.028|
b<17>          |out<27>        |   11.706|
b<17>          |out<28>        |   11.533|
b<17>          |out<29>        |   11.950|
b<17>          |out<30>        |   11.867|
b<17>          |out<31>        |   12.088|
b<18>          |out<18>        |   11.856|
b<18>          |out<19>        |   11.006|
b<18>          |out<20>        |   11.489|
b<18>          |out<21>        |   11.960|
b<18>          |out<22>        |   11.853|
b<18>          |out<23>        |   11.447|
b<18>          |out<24>        |   11.621|
b<18>          |out<25>        |   12.195|
b<18>          |out<26>        |   12.368|
b<18>          |out<27>        |   12.046|
b<18>          |out<28>        |   11.873|
b<18>          |out<29>        |   12.290|
b<18>          |out<30>        |   12.207|
b<18>          |out<31>        |   12.428|
b<19>          |out<19>        |   10.630|
b<19>          |out<20>        |   10.941|
b<19>          |out<21>        |   11.412|
b<19>          |out<22>        |   11.305|
b<19>          |out<23>        |   10.899|
b<19>          |out<24>        |   11.073|
b<19>          |out<25>        |   11.647|
b<19>          |out<26>        |   11.820|
b<19>          |out<27>        |   11.498|
b<19>          |out<28>        |   11.325|
b<19>          |out<29>        |   11.742|
b<19>          |out<30>        |   11.659|
b<19>          |out<31>        |   11.880|
b<20>          |out<20>        |   11.522|
b<20>          |out<21>        |   11.700|
b<20>          |out<22>        |   11.719|
b<20>          |out<23>        |   11.301|
b<20>          |out<24>        |   11.521|
b<20>          |out<25>        |   12.095|
b<20>          |out<26>        |   12.268|
b<20>          |out<27>        |   11.946|
b<20>          |out<28>        |   11.773|
b<20>          |out<29>        |   12.190|
b<20>          |out<30>        |   12.107|
b<20>          |out<31>        |   12.328|
b<21>          |out<21>        |   11.571|
b<21>          |out<22>        |   11.645|
b<21>          |out<23>        |   11.243|
b<21>          |out<24>        |   11.452|
b<21>          |out<25>        |   12.026|
b<21>          |out<26>        |   12.199|
b<21>          |out<27>        |   11.877|
b<21>          |out<28>        |   11.704|
b<21>          |out<29>        |   12.121|
b<21>          |out<30>        |   12.038|
b<21>          |out<31>        |   12.259|
b<22>          |out<22>        |   11.608|
b<22>          |out<23>        |   11.223|
b<22>          |out<24>        |   11.428|
b<22>          |out<25>        |   12.002|
b<22>          |out<26>        |   12.175|
b<22>          |out<27>        |   11.853|
b<22>          |out<28>        |   11.680|
b<22>          |out<29>        |   12.097|
b<22>          |out<30>        |   12.014|
b<22>          |out<31>        |   12.235|
b<23>          |out<23>        |   11.434|
b<23>          |out<24>        |   11.426|
b<23>          |out<25>        |   12.000|
b<23>          |out<26>        |   12.173|
b<23>          |out<27>        |   11.851|
b<23>          |out<28>        |   11.678|
b<23>          |out<29>        |   12.095|
b<23>          |out<30>        |   12.012|
b<23>          |out<31>        |   12.233|
b<24>          |out<24>        |   11.280|
b<24>          |out<25>        |   11.836|
b<24>          |out<26>        |   12.135|
b<24>          |out<27>        |   11.801|
b<24>          |out<28>        |   11.674|
b<24>          |out<29>        |   12.091|
b<24>          |out<30>        |   12.008|
b<24>          |out<31>        |   12.229|
b<25>          |out<25>        |   11.703|
b<25>          |out<26>        |   12.057|
b<25>          |out<27>        |   11.739|
b<25>          |out<28>        |   11.601|
b<25>          |out<29>        |   12.018|
b<25>          |out<30>        |   11.935|
b<25>          |out<31>        |   12.156|
b<26>          |out<26>        |   12.097|
b<26>          |out<27>        |   11.796|
b<26>          |out<28>        |   11.654|
b<26>          |out<29>        |   12.071|
b<26>          |out<30>        |   11.988|
b<26>          |out<31>        |   12.209|
b<27>          |out<27>        |   11.620|
b<27>          |out<28>        |   11.554|
b<27>          |out<29>        |   11.971|
b<27>          |out<30>        |   11.888|
b<27>          |out<31>        |   12.109|
b<28>          |out<28>        |   11.311|
b<28>          |out<29>        |   11.710|
b<28>          |out<30>        |   11.753|
b<28>          |out<31>        |   11.962|
b<29>          |out<29>        |   11.620|
b<29>          |out<30>        |   11.718|
b<29>          |out<31>        |   11.943|
b<30>          |out<30>        |   11.471|
b<30>          |out<31>        |   11.713|
b<31>          |out<31>        |   11.247|
op<0>          |out<0>         |   13.489|
op<0>          |out<1>         |   13.543|
op<0>          |out<2>         |   13.876|
op<0>          |out<3>         |   13.452|
op<0>          |out<4>         |   14.026|
op<0>          |out<5>         |   14.311|
op<0>          |out<6>         |   13.966|
op<0>          |out<7>         |   13.183|
op<0>          |out<8>         |   13.196|
op<0>          |out<9>         |   13.600|
op<0>          |out<10>        |   14.095|
op<0>          |out<11>        |   13.843|
op<0>          |out<12>        |   13.357|
op<0>          |out<13>        |   13.820|
op<0>          |out<14>        |   13.596|
op<0>          |out<15>        |   13.463|
op<0>          |out<16>        |   14.014|
op<0>          |out<17>        |   14.085|
op<0>          |out<18>        |   13.932|
op<0>          |out<19>        |   13.061|
op<0>          |out<20>        |   13.513|
op<0>          |out<21>        |   13.984|
op<0>          |out<22>        |   13.877|
op<0>          |out<23>        |   13.471|
op<0>          |out<24>        |   13.645|
op<0>          |out<25>        |   14.219|
op<0>          |out<26>        |   14.392|
op<0>          |out<27>        |   14.070|
op<0>          |out<28>        |   13.897|
op<0>          |out<29>        |   14.314|
op<0>          |out<30>        |   14.231|
op<0>          |out<31>        |   14.452|
op<1>          |out<0>         |   12.906|
op<1>          |out<1>         |   13.114|
op<1>          |out<2>         |   13.447|
op<1>          |out<3>         |   13.017|
op<1>          |out<4>         |   13.519|
op<1>          |out<5>         |   13.804|
op<1>          |out<6>         |   13.459|
op<1>          |out<7>         |   12.676|
op<1>          |out<8>         |   12.689|
op<1>          |out<9>         |   13.093|
op<1>          |out<10>        |   13.588|
op<1>          |out<11>        |   13.336|
op<1>          |out<12>        |   12.850|
op<1>          |out<13>        |   13.313|
op<1>          |out<14>        |   13.089|
op<1>          |out<15>        |   12.956|
op<1>          |out<16>        |   13.507|
op<1>          |out<17>        |   13.578|
op<1>          |out<18>        |   13.425|
op<1>          |out<19>        |   12.554|
op<1>          |out<20>        |   13.006|
op<1>          |out<21>        |   13.477|
op<1>          |out<22>        |   13.370|
op<1>          |out<23>        |   12.964|
op<1>          |out<24>        |   13.138|
op<1>          |out<25>        |   13.712|
op<1>          |out<26>        |   13.885|
op<1>          |out<27>        |   13.563|
op<1>          |out<28>        |   13.390|
op<1>          |out<29>        |   13.807|
op<1>          |out<30>        |   13.724|
op<1>          |out<31>        |   13.945|
op<2>          |out<0>         |   12.024|
op<2>          |out<1>         |   12.136|
op<2>          |out<2>         |   11.705|
op<2>          |out<3>         |   11.913|
op<2>          |out<4>         |   11.557|
op<2>          |out<5>         |   11.881|
op<2>          |out<6>         |   11.606|
op<2>          |out<7>         |   11.133|
op<2>          |out<8>         |   10.616|
op<2>          |out<9>         |   11.193|
op<2>          |out<10>        |   10.889|
op<2>          |out<11>        |   10.898|
op<2>          |out<12>        |   10.793|
op<2>          |out<13>        |   10.942|
op<2>          |out<14>        |   10.664|
op<2>          |out<15>        |   10.782|
op<2>          |out<16>        |   10.695|
op<2>          |out<17>        |   10.557|
op<2>          |out<18>        |   10.617|
op<2>          |out<19>        |   10.529|
op<2>          |out<20>        |   10.759|
op<2>          |out<21>        |   10.230|
op<2>          |out<22>        |   10.254|
op<2>          |out<23>        |   10.380|
op<2>          |out<24>        |   10.287|
op<2>          |out<25>        |   11.019|
op<2>          |out<26>        |   10.938|
op<2>          |out<27>        |   10.838|
op<2>          |out<28>        |   10.903|
op<2>          |out<29>        |   11.018|
op<2>          |out<30>        |   11.096|
op<2>          |out<31>        |   11.154|
op<3>          |out<0>         |   11.552|
op<3>          |out<1>         |   11.719|
op<3>          |out<2>         |   11.525|
op<3>          |out<3>         |   11.691|
op<3>          |out<4>         |   11.822|
op<3>          |out<5>         |   11.550|
op<3>          |out<6>         |   11.476|
op<3>          |out<7>         |   10.288|
op<3>          |out<8>         |   10.530|
op<3>          |out<9>         |   11.143|
op<3>          |out<10>        |   11.307|
op<3>          |out<11>        |   11.098|
op<3>          |out<12>        |   10.274|
op<3>          |out<13>        |   10.901|
op<3>          |out<14>        |   10.839|
op<3>          |out<15>        |   10.008|
op<3>          |out<16>        |   10.488|
op<3>          |out<17>        |   10.601|
op<3>          |out<18>        |   10.669|
op<3>          |out<19>        |   10.162|
op<3>          |out<20>        |   10.392|
op<3>          |out<21>        |   10.586|
op<3>          |out<22>        |   10.617|
op<3>          |out<23>        |   10.368|
op<3>          |out<24>        |   10.334|
op<3>          |out<25>        |   10.626|
op<3>          |out<26>        |   10.544|
op<3>          |out<27>        |   11.068|
op<3>          |out<28>        |   10.830|
op<3>          |out<29>        |   10.864|
op<3>          |out<30>        |   10.290|
op<3>          |out<31>        |   10.797|
op<4>          |out<0>         |   11.448|
op<4>          |out<1>         |   11.148|
op<4>          |out<2>         |   11.422|
op<4>          |out<3>         |   10.960|
op<4>          |out<4>         |   11.526|
op<4>          |out<5>         |   11.436|
op<4>          |out<6>         |   10.968|
op<4>          |out<7>         |   10.279|
op<4>          |out<8>         |   10.421|
op<4>          |out<9>         |   10.404|
op<4>          |out<10>        |   10.893|
op<4>          |out<11>        |   10.509|
op<4>          |out<12>        |    9.988|
op<4>          |out<13>        |   10.538|
op<4>          |out<14>        |   10.326|
op<4>          |out<15>        |   10.131|
op<4>          |out<16>        |   10.492|
op<4>          |out<17>        |   10.216|
op<4>          |out<18>        |   10.660|
op<4>          |out<19>        |    9.672|
op<4>          |out<20>        |   10.497|
op<4>          |out<21>        |   10.310|
op<4>          |out<22>        |   10.512|
op<4>          |out<23>        |    9.804|
op<4>          |out<24>        |   10.044|
op<4>          |out<25>        |   10.530|
op<4>          |out<26>        |   10.456|
op<4>          |out<27>        |   10.339|
op<4>          |out<28>        |   10.453|
op<4>          |out<29>        |   10.610|
op<4>          |out<30>        |   10.610|
op<4>          |out<31>        |   10.866|
---------------+---------------+---------+


Analysis completed Thu Mar 29 19:50:25 2018 
--------------------------------------------------------------------------------

Trace Settings:
-------------------------
Trace Settings 

Peak Memory Usage: 283 MB



